Archive member included to satisfy reference by file (symbol)

/home/brooks2564/.pebble-sdk/SDKs/current/sdk-core/pebble/aplite/lib/libpebble.a(tmp7jpKUopebble.o)
                              src/c/main.c.41.o (accel_tap_service_subscribe)
/home/brooks2564/.pebble-sdk/SDKs/4.9.169/toolchain/arm-none-eabi/bin/../lib/gcc/arm-none-eabi/14.2.1/../../../../arm-none-eabi/lib/thumb/v7-m/nofp/libc.a(libc_a-atexit.o)
                              /home/brooks2564/.pebble-sdk/SDKs/4.9.169/toolchain/arm-none-eabi/bin/../lib/gcc/arm-none-eabi/14.2.1/../../../../arm-none-eabi/lib/thumb/v7-m/nofp/crt0.o (atexit)
/home/brooks2564/.pebble-sdk/SDKs/4.9.169/toolchain/arm-none-eabi/bin/../lib/gcc/arm-none-eabi/14.2.1/../../../../arm-none-eabi/lib/thumb/v7-m/nofp/libc.a(libc_a-exit.o)
                              /home/brooks2564/.pebble-sdk/SDKs/4.9.169/toolchain/arm-none-eabi/bin/../lib/gcc/arm-none-eabi/14.2.1/../../../../arm-none-eabi/lib/thumb/v7-m/nofp/crt0.o (exit)
/home/brooks2564/.pebble-sdk/SDKs/4.9.169/toolchain/arm-none-eabi/bin/../lib/gcc/arm-none-eabi/14.2.1/../../../../arm-none-eabi/lib/thumb/v7-m/nofp/libc.a(libc_a-findfp.o)
                              /home/brooks2564/.pebble-sdk/SDKs/4.9.169/toolchain/arm-none-eabi/bin/../lib/gcc/arm-none-eabi/14.2.1/../../../../arm-none-eabi/lib/thumb/v7-m/nofp/libc.a(libc_a-exit.o) (__stdio_exit_handler)
/home/brooks2564/.pebble-sdk/SDKs/4.9.169/toolchain/arm-none-eabi/bin/../lib/gcc/arm-none-eabi/14.2.1/../../../../arm-none-eabi/lib/thumb/v7-m/nofp/libc.a(libc_a-fwalk.o)
                              /home/brooks2564/.pebble-sdk/SDKs/4.9.169/toolchain/arm-none-eabi/bin/../lib/gcc/arm-none-eabi/14.2.1/../../../../arm-none-eabi/lib/thumb/v7-m/nofp/libc.a(libc_a-findfp.o) (_fwalk_sglue)
/home/brooks2564/.pebble-sdk/SDKs/4.9.169/toolchain/arm-none-eabi/bin/../lib/gcc/arm-none-eabi/14.2.1/../../../../arm-none-eabi/lib/thumb/v7-m/nofp/libc.a(libc_a-stdio.o)
                              /home/brooks2564/.pebble-sdk/SDKs/4.9.169/toolchain/arm-none-eabi/bin/../lib/gcc/arm-none-eabi/14.2.1/../../../../arm-none-eabi/lib/thumb/v7-m/nofp/libc.a(libc_a-findfp.o) (__sread)
/home/brooks2564/.pebble-sdk/SDKs/4.9.169/toolchain/arm-none-eabi/bin/../lib/gcc/arm-none-eabi/14.2.1/../../../../arm-none-eabi/lib/thumb/v7-m/nofp/libc.a(libc_a-strchr.o)
                              src/c/main.c.41.o (strchr)
/home/brooks2564/.pebble-sdk/SDKs/4.9.169/toolchain/arm-none-eabi/bin/../lib/gcc/arm-none-eabi/14.2.1/../../../../arm-none-eabi/lib/thumb/v7-m/nofp/libc.a(libc_a-closer.o)
                              /home/brooks2564/.pebble-sdk/SDKs/4.9.169/toolchain/arm-none-eabi/bin/../lib/gcc/arm-none-eabi/14.2.1/../../../../arm-none-eabi/lib/thumb/v7-m/nofp/libc.a(libc_a-stdio.o) (_close_r)
/home/brooks2564/.pebble-sdk/SDKs/4.9.169/toolchain/arm-none-eabi/bin/../lib/gcc/arm-none-eabi/14.2.1/../../../../arm-none-eabi/lib/thumb/v7-m/nofp/libc.a(libc_a-reent.o)
                              /home/brooks2564/.pebble-sdk/SDKs/4.9.169/toolchain/arm-none-eabi/bin/../lib/gcc/arm-none-eabi/14.2.1/../../../../arm-none-eabi/lib/thumb/v7-m/nofp/libc.a(libc_a-closer.o) (errno)
/home/brooks2564/.pebble-sdk/SDKs/4.9.169/toolchain/arm-none-eabi/bin/../lib/gcc/arm-none-eabi/14.2.1/../../../../arm-none-eabi/lib/thumb/v7-m/nofp/libc.a(libc_a-impure.o)
                              /home/brooks2564/.pebble-sdk/SDKs/4.9.169/toolchain/arm-none-eabi/bin/../lib/gcc/arm-none-eabi/14.2.1/../../../../arm-none-eabi/lib/thumb/v7-m/nofp/libc.a(libc_a-reent.o) (_impure_ptr)
/home/brooks2564/.pebble-sdk/SDKs/4.9.169/toolchain/arm-none-eabi/bin/../lib/gcc/arm-none-eabi/14.2.1/../../../../arm-none-eabi/lib/thumb/v7-m/nofp/libc.a(libc_a-lseekr.o)
                              /home/brooks2564/.pebble-sdk/SDKs/4.9.169/toolchain/arm-none-eabi/bin/../lib/gcc/arm-none-eabi/14.2.1/../../../../arm-none-eabi/lib/thumb/v7-m/nofp/libc.a(libc_a-stdio.o) (_lseek_r)
/home/brooks2564/.pebble-sdk/SDKs/4.9.169/toolchain/arm-none-eabi/bin/../lib/gcc/arm-none-eabi/14.2.1/../../../../arm-none-eabi/lib/thumb/v7-m/nofp/libc.a(libc_a-readr.o)
                              /home/brooks2564/.pebble-sdk/SDKs/4.9.169/toolchain/arm-none-eabi/bin/../lib/gcc/arm-none-eabi/14.2.1/../../../../arm-none-eabi/lib/thumb/v7-m/nofp/libc.a(libc_a-stdio.o) (_read_r)
/home/brooks2564/.pebble-sdk/SDKs/4.9.169/toolchain/arm-none-eabi/bin/../lib/gcc/arm-none-eabi/14.2.1/../../../../arm-none-eabi/lib/thumb/v7-m/nofp/libc.a(libc_a-writer.o)
                              /home/brooks2564/.pebble-sdk/SDKs/4.9.169/toolchain/arm-none-eabi/bin/../lib/gcc/arm-none-eabi/14.2.1/../../../../arm-none-eabi/lib/thumb/v7-m/nofp/libc.a(libc_a-stdio.o) (_write_r)
/home/brooks2564/.pebble-sdk/SDKs/4.9.169/toolchain/arm-none-eabi/bin/../lib/gcc/arm-none-eabi/14.2.1/../../../../arm-none-eabi/lib/thumb/v7-m/nofp/libc.a(libc_a-init.o)
[...]
Memory Configuration

Name             Origin             Length             Attributes
APP              0x00000000         0x00006000         xrw
*default*        0x00000000         0xffffffff

Linker script and memory map

LOAD /home/brooks2564/.pebble-sdk/SDKs/4.9.169/toolchain/arm-none-eabi/bin/../lib/gcc/arm-none-eabi/14.2.1/thumb/v7-m/nofp/crti.o
LOAD /home/brooks2564/.pebble-sdk/SDKs/4.9.169/toolchain/arm-none-eabi/bin/../lib/gcc/arm-none-eabi/14.2.1/thumb/v7-m/nofp/crtbegin.o
LOAD /home/brooks2564/.pebble-sdk/SDKs/4.9.169/toolchain/arm-none-eabi/bin/../lib/gcc/arm-none-eabi/14.2.1/../../../../arm-none-eabi/lib/thumb/v7-m/nofp/crt0.o
LOAD src/c/main.c.41.o
LOAD aplite/appinfo.auto.c.41.o
LOAD aplite/src/resource_ids.auto.c.41.o
LOAD src/message_keys.auto.c.41.o
LOAD /home/brooks2564/.pebble-sdk/SDKs/current/sdk-core/pebble/aplite/lib/libpebble.a
LOAD /home/brooks2564/Pebble-MLB-Live/node_modules/pebble-clay/dist/binaries/aplite/libpebble-clay.a
START GROUP
LOAD /home/brooks2564/.pebble-sdk/SDKs/4.9.169/toolchain/arm-none-eabi/bin/../lib/gcc/arm-none-eabi/14.2.1/thumb/v7-m/nofp/libgcc.a
LOAD /home/brooks2564/.pebble-sdk/SDKs/4.9.169/toolchain/arm-none-eabi/bin/../lib/gcc/arm-none-eabi/14.2.1/../../../../arm-none-eabi/lib/thumb/v7-m/nofp/libc.a
END GROUP
LOAD /home/brooks2564/.pebble-sdk/SDKs/4.9.169/toolchain/arm-none-eabi/bin/../lib/gcc/arm-none-eabi/14.2.1/thumb/v7-m/nofp/crtend.o
LOAD /home/brooks2564/.pebble-sdk/SDKs/4.9.169/toolchain/arm-none-eabi/bin/../lib/gcc/arm-none-eabi/14.2.1/thumb/v7-m/nofp/crtn.o

.header         0x00000000       0x82
 *(.pbl_header)
 .pbl_header    0x00000000       0x82 aplite/appinfo.auto.c.41.o
                0x00000000                __pbl_app_info

.note.gnu.build-id
                0x00000082       0x26
                [!provide]                        PROVIDE (BUILD_ID = .)
 *(.note.gnu.build-id)
 *fill*         0x00000082        0x2 
 .note.gnu.build-id
                0x00000084       0x24 linker stubs

.text           0x000000a8     0x2884
 *(.text)
 .text          0x000000a8       0x14 /home/brooks2564/.pebble-sdk/SDKs/current/sdk-core/pebble/aplite/lib/libpebble.a(tmp7jpKUopebble.o)
 *(.text.*)
 .text.inbox_dropped
                0x000000bc       0x24 src/c/main.c.41.o
 .text.ticker_update_text
                0x000000e0       0x44 src/c/main.c.41.o
 .text.battery_handler
                0x00000124       0x24 src/c/main.c.41.o
 .text.ticker_advance
                0x00000148      0x180 src/c/main.c.41.o
 .text.ticker_animation_stopped
                0x000002c8       0x84 src/c/main.c.41.o
 .text.detail_parse
                0x0000034c       0x70 src/c/main.c.41.o
 .text.window_unload
                0x000003bc       0x68 src/c/main.c.41.o
 .text.window_load
                0x00000424      0x11c src/c/main.c.41.o
 .text.request_game_data
                0x00000540       0x2c src/c/main.c.41.o
 .text.update_clock
                0x0000056c       0x50 src/c/main.c.41.o
 .text.tick_handler
                0x000005bc       0x24 src/c/main.c.41.o
 .text.draw_dots.constprop.0
                0x000005e0       0x52 src/c/main.c.41.o
 *fill*         0x00000632        0x2 
 .text.canvas_update
                0x00000634     0x104c src/c/main.c.41.o
 .text.build_team_game_str.constprop.0
                0x00001680      0x15c src/c/main.c.41.o
 .text.tap_handler
                0x000017dc       0x9c src/c/main.c.41.o
 .text.inbox_received
                0x00001878      0x8f0 src/c/main.c.41.o
 .text.startup.main
                0x00002168      0x188 src/c/main.c.41.o
                0x00002168                main
 .text.accel_tap_service_subscribe
                0x000022f0        0xc /home/brooks2564/.pebble-sdk/SDKs/current/sdk-core/pebble/aplite/lib/libpebble.a(tmp7jpKUopebble.o)
                0x000022f0                accel_tap_service_subscribe
 .text.accel_tap_service_unsubscribe
                0x000022fc        0xc /home/brooks2564/.pebble-sdk/SDKs/current/sdk-core/pebble/aplite/lib/libpebble.a(tmp7jpKUopebble.o)
                0x000022fc                accel_tap_service_unsubscribe
 .text.app_event_loop
                0x00002308        0xc /home/brooks2564/.pebble-sdk/SDKs/current/sdk-core/pebble/aplite/lib/libpebble.a(tmp7jpKUopebble.o)
                0x00002308                app_event_loop
 .text.app_log  0x00002314        0xc /home/brooks2564/.pebble-sdk/SDKs/current/sdk-core/pebble/aplite/lib/libpebble.a(tmp7jpKUopebble.o)
                0x00002314                app_log
 .text.app_message_open
                0x00002320        0xc /home/brooks2564/.pebble-sdk/SDKs/current/sdk-core/pebble/aplite/lib/libpebble.a(tmp7jpKUopebble.o)
                0x00002320                app_message_open
 .text.app_timer_cancel
                0x0000232c        0xc /home/brooks2564/.pebble-sdk/SDKs/current/sdk-core/pebble/aplite/lib/libpebble.a(tmp7jpKUopebble.o)
                0x0000232c                app_timer_cancel
 .text.app_timer_register
                0x00002338        0xc /home/brooks2564/.pebble-sdk/SDKs/current/sdk-core/pebble/aplite/lib/libpebble.a(tmp7jpKUopebble.o)
                0x00002338                app_timer_register
 .text.battery_state_service_peek
                0x00002344        0xc /home/brooks2564/.pebble-sdk/SDKs/current/sdk-core/pebble/aplite/lib/libpebble.a(tmp7jpKUopebble.o)
                0x00002344                battery_state_service_peek
 .text.battery_state_service_subscribe
                0x00002350        0xc /home/brooks2564/.pebble-sdk/SDKs/current/sdk-core/pebble/aplite/lib/libpebble.a(tmp7jpKUopebble.o)
                0x00002350                battery_state_service_subscribe
 .text.battery_state_service_unsubscribe
                0x0000235c        0xc /home/brooks2564/.pebble-sdk/SDKs/current/sdk-core/pebble/aplite/lib/libpebble.a(tmp7jpKUopebble.o)
                0x0000235c                battery_state_service_unsubscribe
 .text.clock_copy_time_string
                0x00002368        0xc /home/brooks2564/.pebble-sdk/SDKs/current/sdk-core/pebble/aplite/lib/libpebble.a(tmp7jpKUopebble.o)
                0x00002368                clock_copy_time_string
 .text.dict_find
                0x00002374        0xc /home/brooks2564/.pebble-sdk/SDKs/current/sdk-core/pebble/aplite/lib/libpebble.a(tmp7jpKUopebble.o)
                0x00002374                dict_find
 .text.dict_write_int
                0x00002380        0xc /home/brooks2564/.pebble-sdk/SDKs/current/sdk-core/pebble/aplite/lib/libpebble.a(tmp7jpKUopebble.o)
                0x00002380                dict_write_int
 .text.fonts_get_system_font
                0x0000238c        0xc /home/brooks2564/.pebble-sdk/SDKs/current/sdk-core/pebble/aplite/lib/libpebble.a(tmp7jpKUopebble.o)
                0x0000238c                fonts_get_system_font
 .text.graphics_draw_circle
                0x00002398        0xc /home/brooks2564/.pebble-sdk/SDKs/current/sdk-core/pebble/aplite/lib/libpebble.a(tmp7jpKUopebble.o)
                0x00002398                graphics_draw_circle
 .text.graphics_draw_line
                0x000023a4        0xc /home/brooks2564/.pebble-sdk/SDKs/current/sdk-core/pebble/aplite/lib/libpebble.a(tmp7jpKUopebble.o)
                0x000023a4                graphics_draw_line
 .text.graphics_fill_circle
                0x000023b0        0xc /home/brooks2564/.pebble-sdk/SDKs/current/sdk-core/pebble/aplite/lib/libpebble.a(tmp7jpKUopebble.o)
                0x000023b0                graphics_fill_circle
 .text.graphics_fill_rect
                0x000023bc        0xc /home/brooks2564/.pebble-sdk/SDKs/current/sdk-core/pebble/aplite/lib/libpebble.a(tmp7jpKUopebble.o)
                0x000023bc                graphics_fill_rect
 .text.layer_add_child
                0x000023c8        0xc /home/brooks2564/.pebble-sdk/SDKs/current/sdk-core/pebble/aplite/lib/libpebble.a(tmp7jpKUopebble.o)
                0x000023c8                layer_add_child
 .text.layer_create
                0x000023d4        0xc /home/brooks2564/.pebble-sdk/SDKs/current/sdk-core/pebble/aplite/lib/libpebble.a(tmp7jpKUopebble.o)
                0x000023d4                layer_create
 .text.layer_destroy
                0x000023e0        0xc /home/brooks2564/.pebble-sdk/SDKs/current/sdk-core/pebble/aplite/lib/libpebble.a(tmp7jpKUopebble.o)
                0x000023e0                layer_destroy
 .text.layer_get_bounds
                0x000023ec        0xc /home/brooks2564/.pebble-sdk/SDKs/current/sdk-core/pebble/aplite/lib/libpebble.a(tmp7jpKUopebble.o)
                0x000023ec                layer_get_bounds
 .text.layer_mark_dirty
                0x000023f8        0xc /home/brooks2564/.pebble-sdk/SDKs/current/sdk-core/pebble/aplite/lib/libpebble.a(tmp7jpKUopebble.o)
                0x000023f8                layer_mark_dirty
 .text.layer_set_frame
                0x00002404        0xc /home/brooks2564/.pebble-sdk/SDKs/current/sdk-core/pebble/aplite/lib/libpebble.a(tmp7jpKUopebble.o)
                0x00002404                layer_set_frame
 .text.layer_set_update_proc
                0x00002410        0xc /home/brooks2564/.pebble-sdk/SDKs/current/sdk-core/pebble/aplite/lib/libpebble.a(tmp7jpKUopebble.o)
                0x00002410                layer_set_update_proc
 .text.memset   0x0000241c        0xc /home/brooks2564/.pebble-sdk/SDKs/current/sdk-core/pebble/aplite/lib/libpebble.a(tmp7jpKUopebble.o)
                0x0000241c                memset
 .text.persist_exists
                0x00002428        0xc /home/brooks2564/.pebble-sdk/SDKs/current/sdk-core/pebble/aplite/lib/libpebble.a(tmp7jpKUopebble.o)
                0x00002428                persist_exists
 .text.persist_read_bool
                0x00002434        0xc /home/brooks2564/.pebble-sdk/SDKs/current/sdk-core/pebble/aplite/lib/libpebble.a(tmp7jpKUopebble.o)
                0x00002434                persist_read_bool
 .text.persist_read_int
                0x00002440        0xc /home/brooks2564/.pebble-sdk/SDKs/current/sdk-core/pebble/aplite/lib/libpebble.a(tmp7jpKUopebble.o)
                0x00002440                persist_read_int
 .text.persist_write_bool
                0x0000244c        0xc /home/brooks2564/.pebble-sdk/SDKs/current/sdk-core/pebble/aplite/lib/libpebble.a(tmp7jpKUopebble.o)
                0x0000244c                persist_write_bool
 .text.persist_write_int
                0x00002458        0xc /home/brooks2564/.pebble-sdk/SDKs/current/sdk-core/pebble/aplite/lib/libpebble.a(tmp7jpKUopebble.o)
                0x00002458                persist_write_int
 .text.snprintf
                0x00002464        0xc /home/brooks2564/.pebble-sdk/SDKs/current/sdk-core/pebble/aplite/lib/libpebble.a(tmp7jpKUopebble.o)
                0x00002464                snprintf
 .text.strcmp   0x00002470        0xc /home/brooks2564/.pebble-sdk/SDKs/current/sdk-core/pebble/aplite/lib/libpebble.a(tmp7jpKUopebble.o)
                0x00002470                strcmp
 .text.strcpy   0x0000247c        0xc /home/brooks2564/.pebble-sdk/SDKs/current/sdk-core/pebble/aplite/lib/libpebble.a(tmp7jpKUopebble.o)
                0x0000247c                strcpy
 .text.strftime
                0x00002488        0xc /home/brooks2564/.pebble-sdk/SDKs/current/sdk-core/pebble/aplite/lib/libpebble.a(tmp7jpKUopebble.o)
                0x00002488                strftime
 .text.strlen   0x00002494        0xc /home/brooks2564/.pebble-sdk/SDKs/current/sdk-core/pebble/aplite/lib/libpebble.a(tmp7jpKUopebble.o)
                0x00002494                strlen
 .text.strncat  0x000024a0        0xc /home/brooks2564/.pebble-sdk/SDKs/current/sdk-core/pebble/aplite/lib/libpebble.a(tmp7jpKUopebble.o)
                0x000024a0                strncat
 .text.strncpy  0x000024ac        0xc /home/brooks2564/.pebble-sdk/SDKs/current/sdk-core/pebble/aplite/lib/libpebble.a(tmp7jpKUopebble.o)
                0x000024ac                strncpy
 .text.tick_timer_service_subscribe
                0x000024b8        0xc /home/brooks2564/.pebble-sdk/SDKs/current/sdk-core/pebble/aplite/lib/libpebble.a(tmp7jpKUopebble.o)
                0x000024b8                tick_timer_service_subscribe
 .text.tick_timer_service_unsubscribe
                0x000024c4        0xc /home/brooks2564/.pebble-sdk/SDKs/current/sdk-core/pebble/aplite/lib/libpebble.a(tmp7jpKUopebble.o)
                0x000024c4                tick_timer_service_unsubscribe
 .text.vibes_double_pulse
                0x000024d0        0xc /home/brooks2564/.pebble-sdk/SDKs/current/sdk-core/pebble/aplite/lib/libpebble.a(tmp7jpKUopebble.o)
                0x000024d0                vibes_double_pulse
 .text.vibes_enqueue_custom_pattern
                0x000024dc        0xc /home/brooks2564/.pebble-sdk/SDKs/current/sdk-core/pebble/aplite/lib/libpebble.a(tmp7jpKUopebble.o)
                0x000024dc                vibes_enqueue_custom_pattern
 .text.window_create
                0x000024e8        0xc /home/brooks2564/.pebble-sdk/SDKs/current/sdk-core/pebble/aplite/lib/libpebble.a(tmp7jpKUopebble.o)
                0x000024e8                window_create
 .text.window_destroy
                0x000024f4        0xc /home/brooks2564/.pebble-sdk/SDKs/current/sdk-core/pebble/aplite/lib/libpebble.a(tmp7jpKUopebble.o)
                0x000024f4                window_destroy
 .text.window_get_root_layer
                0x00002500        0xc /home/brooks2564/.pebble-sdk/SDKs/current/sdk-core/pebble/aplite/lib/libpebble.a(tmp7jpKUopebble.o)
                0x00002500                window_get_root_layer
 .text.window_set_window_handlers
                0x0000250c        0xc /home/brooks2564/.pebble-sdk/SDKs/current/sdk-core/pebble/aplite/lib/libpebble.a(tmp7jpKUopebble.o)
                0x0000250c                window_set_window_handlers
 .text.window_stack_push
                0x00002518        0xc /home/brooks2564/.pebble-sdk/SDKs/current/sdk-core/pebble/aplite/lib/libpebble.a(tmp7jpKUopebble.o)
                0x00002518                window_stack_push
 .text.app_message_outbox_begin
                0x00002524        0xc /home/brooks2564/.pebble-sdk/SDKs/current/sdk-core/pebble/aplite/lib/libpebble.a(tmp7jpKUopebble.o)
                0x00002524                app_message_outbox_begin
 .text.app_message_outbox_send
                0x00002530        0xc /home/brooks2564/.pebble-sdk/SDKs/current/sdk-core/pebble/aplite/lib/libpebble.a(tmp7jpKUopebble.o)
                0x00002530                app_message_outbox_send
 .text.app_message_register_inbox_dropped
                0x0000253c        0xc /home/brooks2564/.pebble-sdk/SDKs/current/sdk-core/pebble/aplite/lib/libpebble.a(tmp7jpKUopebble.o)
                0x0000253c                app_message_register_inbox_dropped
 .text.app_message_register_inbox_received
                0x00002548        0xc /home/brooks2564/.pebble-sdk/SDKs/current/sdk-core/pebble/aplite/lib/libpebble.a(tmp7jpKUopebble.o)
                0x00002548                app_message_register_inbox_received
 .text.graphics_draw_text
                0x00002554        0xc /home/brooks2564/.pebble-sdk/SDKs/current/sdk-core/pebble/aplite/lib/libpebble.a(tmp7jpKUopebble.o)
                0x00002554                graphics_draw_text
 .text.graphics_context_set_fill_color
                0x00002560        0xc /home/brooks2564/.pebble-sdk/SDKs/current/sdk-core/pebble/aplite/lib/libpebble.a(tmp7jpKUopebble.o)
                0x00002560                graphics_context_set_fill_color
 .text.graphics_context_set_stroke_color
                0x0000256c        0xc /home/brooks2564/.pebble-sdk/SDKs/current/sdk-core/pebble/aplite/lib/libpebble.a(tmp7jpKUopebble.o)
                0x0000256c                graphics_context_set_stroke_color
 .text.graphics_context_set_text_color
                0x00002578        0xc /home/brooks2564/.pebble-sdk/SDKs/current/sdk-core/pebble/aplite/lib/libpebble.a(tmp7jpKUopebble.o)
                0x00002578                graphics_context_set_text_color
 .text.window_set_background_color
                0x00002584        0xc /home/brooks2564/.pebble-sdk/SDKs/current/sdk-core/pebble/aplite/lib/libpebble.a(tmp7jpKUopebble.o)
                0x00002584                window_set_background_color
 .text.localtime
                0x00002590        0xc /home/brooks2564/.pebble-sdk/SDKs/current/sdk-core/pebble/aplite/lib/libpebble.a(tmp7jpKUopebble.o)
                0x00002590                localtime
 .text.animation_destroy
                0x0000259c        0xc /home/brooks2564/.pebble-sdk/SDKs/current/sdk-core/pebble/aplite/lib/libpebble.a(tmp7jpKUopebble.o)
                0x0000259c                animation_destroy
 .text.animation_schedule
                0x000025a8        0xc /home/brooks2564/.pebble-sdk/SDKs/current/sdk-core/pebble/aplite/lib/libpebble.a(tmp7jpKUopebble.o)
                0x000025a8                animation_schedule
 .text.animation_set_curve
                0x000025b4        0xc /home/brooks2564/.pebble-sdk/SDKs/current/sdk-core/pebble/aplite/lib/libpebble.a(tmp7jpKUopebble.o)
                0x000025b4                animation_set_curve
 .text.animation_set_duration
                0x000025c0        0xc /home/brooks2564/.pebble-sdk/SDKs/current/sdk-core/pebble/aplite/lib/libpebble.a(tmp7jpKUopebble.o)
                0x000025c0                animation_set_duration
 .text.animation_set_handlers
                0x000025cc        0xc /home/brooks2564/.pebble-sdk/SDKs/current/sdk-core/pebble/aplite/lib/libpebble.a(tmp7jpKUopebble.o)
                0x000025cc                animation_set_handlers
 .text.property_animation_create_layer_frame
                0x000025d8        0xc /home/brooks2564/.pebble-sdk/SDKs/current/sdk-core/pebble/aplite/lib/libpebble.a(tmp7jpKUopebble.o)
                0x000025d8                property_animation_create_layer_frame
 .text.animation_spawn_create
                0x000025e4        0xc /home/brooks2564/.pebble-sdk/SDKs/current/sdk-core/pebble/aplite/lib/libpebble.a(tmp7jpKUopebble.o)
                0x000025e4                animation_spawn_create
 .text.text_layer_create
                0x000025f0        0xc /home/brooks2564/.pebble-sdk/SDKs/current/sdk-core/pebble/aplite/lib/libpebble.a(tmp7jpKUopebble.o)
                0x000025f0                text_layer_create
 .text.text_layer_destroy
                0x000025fc        0xc /home/brooks2564/.pebble-sdk/SDKs/current/sdk-core/pebble/aplite/lib/libpebble.a(tmp7jpKUopebble.o)
                0x000025fc                text_layer_destroy
 .text.text_layer_get_layer
                0x00002608        0xc /home/brooks2564/.pebble-sdk/SDKs/current/sdk-core/pebble/aplite/lib/libpebble.a(tmp7jpKUopebble.o)
                0x00002608                text_layer_get_layer
 .text.text_layer_set_background_color
                0x00002614        0xc /home/brooks2564/.pebble-sdk/SDKs/current/sdk-core/pebble/aplite/lib/libpebble.a(tmp7jpKUopebble.o)
                0x00002614                text_layer_set_background_color
 .text.text_layer_set_font
                0x00002620        0xc /home/brooks2564/.pebble-sdk/SDKs/current/sdk-core/pebble/aplite/lib/libpebble.a(tmp7jpKUopebble.o)
                0x00002620                text_layer_set_font
 .text.text_layer_set_overflow_mode
                0x0000262c        0xc /home/brooks2564/.pebble-sdk/SDKs/current/sdk-core/pebble/aplite/lib/libpebble.a(tmp7jpKUopebble.o)
                0x0000262c                text_layer_set_overflow_mode
 .text.text_layer_set_text
                0x00002638        0xc /home/brooks2564/.pebble-sdk/SDKs/current/sdk-core/pebble/aplite/lib/libpebble.a(tmp7jpKUopebble.o)
                0x00002638                text_layer_set_text
 .text.text_layer_set_text_color
                0x00002644        0xc /home/brooks2564/.pebble-sdk/SDKs/current/sdk-core/pebble/aplite/lib/libpebble.a(tmp7jpKUopebble.o)
                0x00002644                text_layer_set_text_color
 .text.time     0x00002650        0xc /home/brooks2564/.pebble-sdk/SDKs/current/sdk-core/pebble/aplite/lib/libpebble.a(tmp7jpKUopebble.o)
                0x00002650                time
 .text.strchr   0x0000265c       0xd0 /home/brooks2564/.pebble-sdk/SDKs/4.9.169/toolchain/arm-none-eabi/bin/../lib/gcc/arm-none-eabi/14.2.1/../../../../arm-none-eabi/lib/thumb/v7-m/nofp/libc.a(libc_a-strchr.o)
                0x0000265c                strchr
 *(.rodata)
 *(.rodata*)
 .rodata.inbox_dropped.str1.1
                0x0000272c      0x1d3 src/c/main.c.41.o
                                 0x13 (size before relaxing)
 .rodata.window_load.str1.1
                0x000028ff       0x17 src/c/main.c.41.o
 .rodata.update_clock.str1.1
                0x000028ff        0xa src/c/main.c.41.o
 .rodata.canvas_update.str1.1
                0x000028ff       0xed src/c/main.c.41.o
 .rodata.build_team_game_str.constprop.0.str1.1
                0x000028ff       0x3d src/c/main.c.41.o
 .rodata.inbox_received.str1.1
                0x000028ff        0xd src/c/main.c.41.o
 *fill*         0x000028ff        0x1 
 .rodata.charge_segs.0
                0x00002900       0x2c src/c/main.c.41.o
 .rodata.str1.1
                0x0000292c       0x78 src/c/main.c.41.o

.glue_7         0x0000292c        0x0
 .glue_7        0x0000292c        0x0 linker stubs

.glue_7t        0x0000292c        0x0
 .glue_7t       0x0000292c        0x0 linker stubs

.vfp11_veneer   0x0000292c        0x0
 .vfp11_veneer  0x0000292c        0x0 linker stubs

.v4_bx          0x0000292c        0x0
 .v4_bx         0x0000292c        0x0 linker stubs

.init           0x0000292c        0x4
 .init          0x0000292c        0x4 /home/brooks2564/.pebble-sdk/SDKs/4.9.169/toolchain/arm-none-eabi/bin/../lib/gcc/arm-none-eabi/14.2.1/thumb/v7-m/nofp/crti.o
                0x0000292c                _init

.fini           0x00002930        0x4
 .fini          0x00002930        0x4 /home/brooks2564/.pebble-sdk/SDKs/4.9.169/toolchain/arm-none-eabi/bin/../lib/gcc/arm-none-eabi/14.2.1/thumb/v7-m/nofp/crti.o
                0x00002930                _fini

.iplt           0x00002934        0x0
 .iplt          0x00002934        0x0 src/c/main.c.41.o

.rel.dyn        0x00002934        0x0
 .rel.iplt      0x00002934        0x0 src/c/main.c.41.o

.data           0x00002934       0xa8
 *(.data)
 .data          0x00002934        0x0 /home/brooks2564/.pebble-sdk/SDKs/4.9.169/toolchain/arm-none-eabi/bin/../lib/gcc/arm-none-eabi/14.2.1/thumb/v7-m/nofp/crti.o
 .data          0x00002934        0x0 /home/brooks2564/.pebble-sdk/SDKs/4.9.169/toolchain/arm-none-eabi/bin/../lib/gcc/arm-none-eabi/14.2.1/thumb/v7-m/nofp/crtbegin.o
 .data          0x00002934        0x0 /home/brooks2564/.pebble-sdk/SDKs/4.9.169/toolchain/arm-none-eabi/bin/../lib/gcc/arm-none-eabi/14.2.1/../../../../arm-none-eabi/lib/thumb/v7-m/nofp/crt0.o
 .data          0x00002934        0x0 src/c/main.c.41.o
 .data          0x00002934        0x0 aplite/appinfo.auto.c.41.o
 .data          0x00002934        0x0 aplite/src/resource_ids.auto.c.41.o
 .data          0x00002934        0x0 src/message_keys.auto.c.41.o
 .data          0x00002934        0x0 /home/brooks2564/.pebble-sdk/SDKs/current/sdk-core/pebble/aplite/lib/libpebble.a(tmp7jpKUopebble.o)
 .data          0x00002934        0x0 /home/brooks2564/.pebble-sdk/SDKs/4.9.169/toolchain/arm-none-eabi/bin/../lib/gcc/arm-none-eabi/14.2.1/../../../../arm-none-eabi/lib/thumb/v7-m/nofp/libc.a(libc_a-atexit.o)
 .data          0x00002934        0x0 /home/brooks2564/.pebble-sdk/SDKs/4.9.169/toolchain/arm-none-eabi/bin/../lib/gcc/arm-none-eabi/14.2.1/../../../../arm-none-eabi/lib/thumb/v7-m/nofp/libc.a(libc_a-exit.o)
 .data          0x00002934        0x0 /home/brooks2564/.pebble-sdk/SDKs/4.9.169/toolchain/arm-none-eabi/bin/../lib/gcc/arm-none-eabi/14.2.1/../../../../arm-none-eabi/lib/thumb/v7-m/nofp/libc.a(libc_a-findfp.o)
 .data          0x00002934        0x0 /home/brooks2564/.pebble-sdk/SDKs/4.9.169/toolchain/arm-none-eabi/bin/../lib/gcc/arm-none-eabi/14.2.1/../../../../arm-none-eabi/lib/thumb/v7-m/nofp/libc.a(libc_a-fwalk.o)
 .data          0x00002934        0x0 /home/brooks2564/.pebble-sdk/SDKs/4.9.169/toolchain/arm-none-eabi/bin/../lib/gcc/arm-none-eabi/14.2.1/../../../../arm-none-eabi/lib/thumb/v7-m/nofp/libc.a(libc_a-stdio.o)
 .data          0x00002934        0x0 /home/brooks2564/.pebble-sdk/SDKs/4.9.169/toolchain/arm-none-eabi/bin/../lib/gcc/arm-none-eabi/14.2.1/../../../../arm-none-eabi/lib/thumb/v7-m/nofp/libc.a(libc_a-strchr.o)
 .data          0x00002934        0x0 /home/brooks2564/.pebble-sdk/SDKs/4.9.169/toolchain/arm-none-eabi/bin/../lib/gcc/arm-none-eabi/14.2.1/../../../../arm-none-eabi/lib/thumb/v7-m/nofp/libc.a(libc_a-closer.o)
 .data          0x00002934        0x0 /home/brooks2564/.pebble-sdk/SDKs/4.9.169/toolchain/arm-none-eabi/bin/../lib/gcc/arm-none-eabi/14.2.1/../../../../arm-none-eabi/lib/thumb/v7-m/nofp/libc.a(libc_a-reent.o)
 .data          0x00002934        0x0 /home/brooks2564/.pebble-sdk/SDKs/4.9.169/toolchain/arm-none-eabi/bin/../lib/gcc/arm-none-eabi/14.2.1/../../../../arm-none-eabi/lib/thumb/v7-m/nofp/libc.a(libc_a-impure.o)
 .data          0x00002934        0x0 /home/brooks2564/.pebble-sdk/SDKs/4.9.169/toolchain/arm-none-eabi/bin/../lib/gcc/arm-none-eabi/14.2.1/../../../../arm-none-eabi/lib/thumb/v7-m/nofp/libc.a(libc_a-lseekr.o)
 .data          0x00002934        0x0 /home/brooks2564/.pebble-sdk/SDKs/4.9.169/toolchain/arm-none-eabi/bin/../lib/gcc/arm-none-eabi/14.2.1/../../../../arm-none-eabi/lib/thumb/v7-m/nofp/libc.a(libc_a-readr.o)
 .data          0x00002934        0x0 /home/brooks2564/.pebble-sdk/SDKs/4.9.169/toolchain/arm-none-eabi/bin/../lib/gcc/arm-none-eabi/14.2.1/../../../../arm-none-eabi/lib/thumb/v7-m/nofp/libc.a(libc_a-writer.o)
 .data          0x00002934        0x0 /home/brooks2564/.pebble-sdk/SDKs/4.9.169/toolchain/arm-none-eabi/bin/../lib/gcc/arm-none-eabi/14.2.1/../../../../arm-none-eabi/lib/thumb/v7-m/nofp/libc.a(libc_a-init.o)
 .data          0x00002934        0x0 /home/brooks2564/.pebble-sdk/SDKs/4.9.169/toolchain/arm-none-eabi/bin/../lib/gcc/arm-none-eabi/14.2.1/../../../../arm-none-eabi/lib/thumb/v7-m/nofp/libc.a(libc_a-fini.o)
 .data          0x00002934        0x0 /home/brooks2564/.pebble-sdk/SDKs/4.9.169/toolchain/arm-none-eabi/bin/../lib/gcc/arm-none-eabi/14.2.1/../../../../arm-none-eabi/lib/thumb/v7-m/nofp/libc.a(libc_a-lock.o)
 .data          0x00002934        0x0 /home/brooks2564/.pebble-sdk/SDKs/4.9.169/toolchain/arm-none-eabi/bin/../lib/gcc/arm-none-eabi/14.2.1/../../../../arm-none-eabi/lib/thumb/v7-m/nofp/libc.a(libc_a-__atexit.o)
 .data          0x00002934        0x0 /home/brooks2564/.pebble-sdk/SDKs/4.9.169/toolchain/arm-none-eabi/bin/../lib/gcc/arm-none-eabi/14.2.1/../../../../arm-none-eabi/lib/thumb/v7-m/nofp/libc.a(libc_a-__call_atexit.o)
 .data          0x00002934        0x0 /home/brooks2564/.pebble-sdk/SDKs/4.9.169/toolchain/arm-none-eabi/bin/../lib/gcc/arm-none-eabi/14.2.1/../../../../arm-none-eabi/lib/thumb/v7-m/nofp/libc.a(libc_a-freer.o)
 .data          0x00002934        0x0 /home/brooks2564/.pebble-sdk/SDKs/4.9.169/toolchain/arm-none-eabi/bin/../lib/gcc/arm-none-eabi/14.2.1/../../../../arm-none-eabi/lib/thumb/v7-m/nofp/libc.a(libc_a-mallocr.o)
 .data          0x00002934        0x0 /home/brooks2564/.pebble-sdk/SDKs/4.9.169/toolchain/arm-none-eabi/bin/../lib/gcc/arm-none-eabi/14.2.1/../../../../arm-none-eabi/lib/thumb/v7-m/nofp/libc.a(libc_a-mlock.o)
 .data          0x00002934        0x0 /home/brooks2564/.pebble-sdk/SDKs/4.9.169/toolchain/arm-none-eabi/bin/../lib/gcc/arm-none-eabi/14.2.1/../../../../arm-none-eabi/lib/thumb/v7-m/nofp/libc.a(libc_a-fclose.o)
 .data          0x00002934        0x0 /home/brooks2564/.pebble-sdk/SDKs/4.9.169/toolchain/arm-none-eabi/bin/../lib/gcc/arm-none-eabi/14.2.1/../../../../arm-none-eabi/lib/thumb/v7-m/nofp/libc.a(libc_a-fflush.o)
 .data          0x00002934        0x0 /home/brooks2564/.pebble-sdk/SDKs/4.9.169/toolchain/arm-none-eabi/bin/../lib/gcc/arm-none-eabi/14.2.1/../../../../arm-none-eabi/lib/thumb/v7-m/nofp/libc.a(libc_a-sbrkr.o)
 .data          0x00002934        0x0 /home/brooks2564/.pebble-sdk/SDKs/4.9.169/toolchain/arm-none-eabi/bin/../lib/gcc/arm-none-eabi/14.2.1/../../../../arm-none-eabi/lib/thumb/v7-m/nofp/libc.a(libc_a-sysconf.o)
 .data          0x00002934        0x0 /home/brooks2564/.pebble-sdk/SDKs/4.9.169/toolchain/arm-none-eabi/bin/../lib/gcc/arm-none-eabi/14.2.1/../../../../arm-none-eabi/lib/thumb/v7-m/nofp/libc.a(libc_a-errno.o)
 .data          0x00002934        0x0 /home/brooks2564/.pebble-sdk/SDKs/4.9.169/toolchain/arm-none-eabi/bin/../lib/gcc/arm-none-eabi/14.2.1/thumb/v7-m/nofp/crtend.o
 .data          0x00002934        0x0 /home/brooks2564/.pebble-sdk/SDKs/4.9.169/toolchain/arm-none-eabi/bin/../lib/gcc/arm-none-eabi/14.2.1/thumb/v7-m/nofp/crtn.o
 *(.data.*)
 .data.s_ticker_speed
                0x00002934        0x4 src/c/main.c.41.o
 .data.s_hr_volume
                0x00002938        0x4 src/c/main.c.41.o
 .data.s_prev_score
                0x0000293c        0x4 src/c/main.c.41.o
 .data.s_team_idx
                0x00002940        0x4 src/c/main.c.41.o
 .data.s_battery_pct
                0x00002944        0x4 src/c/main.c.41.o
 .data.s_battery_bar
                0x00002948        0x1 src/c/main.c.41.o
 .data.s_vibrate
                0x00002949        0x1 src/c/main.c.41.o
 .data.s_status
                0x0000294a        0x8 src/c/main.c.41.o
 .data.s_home_abbr
                0x00002952        0x5 src/c/main.c.41.o
 .data.s_away_abbr
                0x00002957        0x5 src/c/main.c.41.o
 .data.s_time_buf
                0x0000295c        0x6 src/c/main.c.41.o
 *fill*         0x00002962        0x2 
 .data.rel.ro.local.TEAM_ABBR
                0x00002964       0x78 src/c/main.c.41.o

.igot.plt       0x000029dc        0x0
 .igot.plt      0x000029dc        0x0 src/c/main.c.41.o

.bss            0x000029dc      0x5c4
 *(.bss)
 *(.bss.*)
 .bss.s_ticker_team_str
                0x000029dc       0x16 src/c/main.c.41.o
 .bss.s_viewing_ticker
                0x000029f2        0x1 src/c/main.c.41.o
 .bss.s_game_details
                0x000029f3      0x170 src/c/main.c.41.o
 .bss.s_detail_raw
                0x00002b63      0x17c src/c/main.c.41.o
 .bss.s_tv_network
                0x00002cdf       0x18 src/c/main.c.41.o
 .bss.s_save_pitcher
                0x00002cf7       0x10 src/c/main.c.41.o
 .bss.s_loss_pitcher
                0x00002d07       0x10 src/c/main.c.41.o
 .bss.s_win_pitcher
                0x00002d17       0x10 src/c/main.c.41.o
 .bss.s_home_pitcher
                0x00002d27       0x10 src/c/main.c.41.o
 .bss.s_away_pitcher
                0x00002d37       0x10 src/c/main.c.41.o
 .bss.s_i_am_away
                0x00002d47        0x1 src/c/main.c.41.o
 .bss.s_game2_score
                0x00002d48       0x14 src/c/main.c.41.o
 .bss.s_game2_status
                0x00002d5c        0x8 src/c/main.c.41.o
 .bss.s_pitch_type
                0x00002d64        0xc src/c/main.c.41.o
 .bss.s_weather
                0x00002d70       0x10 src/c/main.c.41.o
 .bss.s_next_game
                0x00002d80       0x14 src/c/main.c.41.o
 .bss.s_on_third
                0x00002d94        0x1 src/c/main.c.41.o
 .bss.s_on_second
                0x00002d95        0x1 src/c/main.c.41.o
 .bss.s_on_first
                0x00002d96        0x1 src/c/main.c.41.o
 .bss.s_last_play
                0x00002d97       0x10 src/c/main.c.41.o
 *fill*         0x00002da7        0x1 
 .bss.s_pitch_speed
                0x00002da8        0x4 src/c/main.c.41.o
 .bss.s_batter  0x00002dac        0xe src/c/main.c.41.o
 *fill*         0x00002dba        0x2 
 .bss.s_home_losses
                0x00002dbc        0x4 src/c/main.c.41.o
 .bss.s_home_wins
                0x00002dc0        0x4 src/c/main.c.41.o
 .bss.s_away_losses
                0x00002dc4        0x4 src/c/main.c.41.o
 .bss.s_away_wins
                0x00002dc8        0x4 src/c/main.c.41.o
 .bss.s_start_time
                0x00002dcc        0xa src/c/main.c.41.o
 *fill*         0x00002dd6        0x2 
 .bss.s_outs    0x00002dd8        0x4 src/c/main.c.41.o
 .bss.s_strikes
                0x00002ddc        0x4 src/c/main.c.41.o
 .bss.s_balls   0x00002de0        0x4 src/c/main.c.41.o
 .bss.s_inning_half
                0x00002de4        0x4 src/c/main.c.41.o
 .bss.s_inning  0x00002de8        0x4 src/c/main.c.41.o
 .bss.s_home_score
                0x00002dec        0x4 src/c/main.c.41.o
 .bss.s_away_score
                0x00002df0        0x4 src/c/main.c.41.o
 .bss.s_date_buf
                0x00002df4        0xe src/c/main.c.41.o
 *fill*         0x00002e02        0x2 
 .bss.s_game_idx
                0x00002e04        0x4 src/c/main.c.41.o
 .bss.s_game_count
                0x00002e08        0x4 src/c/main.c.41.o
 .bss.s_games   0x00002e0c       0xb0 src/c/main.c.41.o
 .bss.s_ticker_raw
                0x00002ebc       0xc8 src/c/main.c.41.o
 .bss.s_anim_running
                0x00002f84        0x1 src/c/main.c.41.o
 *fill*         0x00002f85        0x3 
 .bss.s_ticker_timer
                0x00002f88        0x4 src/c/main.c.41.o
 .bss.s_ticker_next
                0x00002f8c        0x4 src/c/main.c.41.o
 .bss.s_ticker_cur
                0x00002f90        0x4 src/c/main.c.41.o
 .bss.s_ticker_clip
                0x00002f94        0x4 src/c/main.c.41.o
 .bss.s_canvas  0x00002f98        0x4 src/c/main.c.41.o
 .bss.s_window  0x00002f9c        0x4 src/c/main.c.41.o

DISCARD
 libc.a(*)
 libm.a(*)
 libgcc.a(*)
 *(.eh_frame)
OUTPUT(/home/brooks2564/Pebble-MLB-Live/build/aplite/pebble-app.elf elf32-littlearm)
LOAD linker stubs
LOAD /home/brooks2564/.pebble-sdk/SDKs/4.9.169/toolchain/arm-none-eabi/bin/../lib/gcc/arm-none-eabi/14.2.1/../../../../arm-none-eabi/lib/thumb/v7-m/nofp/libc.a
LOAD /home/brooks2564/.pebble-sdk/SDKs/4.9.169/toolchain/arm-none-eabi/bin/../lib/gcc/arm-none-eabi/14.2.1/../../../../arm-none-eabi/lib/thumb/v7-m/nofp/libm.a
LOAD /home/brooks2564/.pebble-sdk/SDKs/4.9.169/toolchain/arm-none-eabi/bin/../lib/gcc/arm-none-eabi/14.2.1/thumb/v7-m/nofp/libgcc.a

.ARM.attributes
                0x00000000       0x29
 .ARM.attributes
                0x00000000       0x1d /home/brooks2564/.pebble-sdk/SDKs/4.9.169/toolchain/arm-none-eabi/bin/../lib/gcc/arm-none-eabi/14.2.1/thumb/v7-m/nofp/crti.o
 .ARM.attributes
                0x0000001d       0x2d /home/brooks2564/.pebble-sdk/SDKs/4.9.169/toolchain/arm-none-eabi/bin/../lib/gcc/arm-none-eabi/14.2.1/thumb/v7-m/nofp/crtbegin.o
 .ARM.attributes
                0x0000004a       0x1b /home/brooks2564/.pebble-sdk/SDKs/4.9.169/toolchain/arm-none-eabi/bin/../lib/gcc/arm-none-eabi/14.2.1/../../../../arm-none-eabi/lib/thumb/v7-m/nofp/crt0.o
 .ARM.attributes
                0x00000065       0x2d src/c/main.c.41.o
 .ARM.attributes
                0x00000092       0x2d aplite/appinfo.auto.c.41.o
 .ARM.attributes
                0x000000bf       0x2d aplite/src/resource_ids.auto.c.41.o
 .ARM.attributes
                0x000000ec       0x2d src/message_keys.auto.c.41.o
 .ARM.attributes
                0x00000119       0x21 /home/brooks2564/.pebble-sdk/SDKs/current/sdk-core/pebble/aplite/lib/libpebble.a(tmp7jpKUopebble.o)
 .ARM.attributes
                0x0000013a       0x2d /home/brooks2564/.pebble-sdk/SDKs/4.9.169/toolchain/arm-none-eabi/bin/../lib/gcc/arm-none-eabi/14.2.1/../../../../arm-none-eabi/lib/thumb/v7-m/nofp/libc.a(libc_a-atexit.o)
 .ARM.attributes
                0x00000167       0x2d /home/brooks2564/.pebble-sdk/SDKs/4.9.169/toolchain/arm-none-eabi/bin/../lib/gcc/arm-none-eabi/14.2.1/../../../../arm-none-eabi/lib/thumb/v7-m/nofp/libc.a(libc_a-exit.o)
 .ARM.attributes
                0x00000194       0x2d /home/brooks2564/.pebble-sdk/SDKs/4.9.169/toolchain/arm-none-eabi/bin/../lib/gcc/arm-none-eabi/14.2.1/../../../../arm-none-eabi/lib/thumb/v7-m/nofp/libc.a(libc_a-findfp.o)
 .ARM.attributes
                0x000001c1       0x2d /home/brooks2564/.pebble-sdk/SDKs/4.9.169/toolchain/arm-none-eabi/bin/../lib/gcc/arm-none-eabi/14.2.1/../../../../arm-none-eabi/lib/thumb/v7-m/nofp/libc.a(libc_a-fwalk.o)
 .ARM.attributes
                0x000001ee       0x2d /home/brooks2564/.pebble-sdk/SDKs/4.9.169/toolchain/arm-none-eabi/bin/../lib/gcc/arm-none-eabi/14.2.1/../../../../arm-none-eabi/lib/thumb/v7-m/nofp/libc.a(libc_a-stdio.o)
 .ARM.attributes
                0x0000021b       0x2d /home/brooks2564/.pebble-sdk/SDKs/4.9.169/toolchain/arm-none-eabi/bin/../lib/gcc/arm-none-eabi/14.2.1/../../../../arm-none-eabi/lib/thumb/v7-m/nofp/libc.a(libc_a-strchr.o)
 .ARM.attributes
                0x00000248       0x2d /home/brooks2564/.pebble-sdk/SDKs/4.9.169/toolchain/arm-none-eabi/bin/../lib/gcc/arm-none-eabi/14.2.1/../../../../arm-none-eabi/lib/thumb/v7-m/nofp/libc.a(libc_a-closer.o)
 .ARM.attributes
                0x00000275       0x2d /home/brooks2564/.pebble-sdk/SDKs/4.9.169/toolchain/arm-none-eabi/bin/../lib/gcc/arm-none-eabi/14.2.1/../../../../arm-none-eabi/lib/thumb/v7-m/nofp/libc.a(libc_a-reent.o)
 .ARM.attributes
                0x000002a2       0x2d /home/brooks2564/.pebble-sdk/SDKs/4.9.169/toolchain/arm-none-eabi/bin/../lib/gcc/arm-none-eabi/14.2.1/../../../../arm-none-eabi/lib/thumb/v7-m/nofp/libc.a(libc_a-impure.o)
 .ARM.attributes
                0x000002cf       0x2d /home/brooks2564/.pebble-sdk/SDKs/4.9.169/toolchain/arm-none-eabi/bin/../lib/gcc/arm-none-eabi/14.2.1/../../../../arm-none-eabi/lib/thumb/v7-m/nofp/libc.a(libc_a-lseekr.o)
 .ARM.attributes
                0x000002fc       0x2d /home/brooks2564/.pebble-sdk/SDKs/4.9.169/toolchain/arm-none-eabi/bin/../lib/gcc/arm-none-eabi/14.2.1/../../../../arm-none-eabi/lib/thumb/v7-m/nofp/libc.a(libc_a-readr.o)
 .ARM.attributes
                0x00000329       0x2d /home/brooks2564/.pebble-sdk/SDKs/4.9.169/toolchain/arm-none-eabi/bin/../lib/gcc/arm-none-eabi/14.2.1/../../../../arm-none-eabi/lib/thumb/v7-m/nofp/libc.a(libc_a-writer.o)
 .ARM.attributes
                0x00000356       0x2d /home/brooks2564/.pebble-sdk/SDKs/4.9.169/toolchain/arm-none-eabi/bin/../lib/gcc/arm-none-eabi/14.2.1/../../../../arm-none-eabi/lib/thumb/v7-m/nofp/libc.a(libc_a-init.o)
 .ARM.attributes
                0x00000383       0x2d /home/brooks2564/.pebble-sdk/SDKs/4.9.169/toolchain/arm-none-eabi/bin/../lib/gcc/arm-none-eabi/14.2.1/../../../../arm-none-eabi/lib/thumb/v7-m/nofp/libc.a(libc_a-fini.o)
 .ARM.attributes
                0x000003b0       0x2d /home/brooks2564/.pebble-sdk/SDKs/4.9.169/toolchain/arm-none-eabi/bin/../lib/gcc/arm-none-eabi/14.2.1/../../../../arm-none-eabi/lib/thumb/v7-m/nofp/libc.a(libc_a-lock.o)
 .ARM.attributes
                0x000003dd       0x2d /home/brooks2564/.pebble-sdk/SDKs/4.9.169/toolchain/arm-none-eabi/bin/../lib/gcc/arm-none-eabi/14.2.1/../../../../arm-none-eabi/lib/thumb/v7-m/nofp/libc.a(libc_a-__atexit.o)
 .ARM.attributes
                0x0000040a       0x2d /home/brooks2564/.pebble-sdk/SDKs/4.9.169/toolchain/arm-none-eabi/bin/../lib/gcc/arm-none-eabi/14.2.1/../../../../arm-none-eabi/lib/thumb/v7-m/nofp/libc.a(libc_a-__call_atexit.o)
 .ARM.attributes
                0x00000437       0x2d /home/brooks2564/.pebble-sdk/SDKs/4.9.169/toolchain/arm-none-eabi/bin/../lib/gcc/arm-none-eabi/14.2.1/../../../../arm-none-eabi/lib/thumb/v7-m/nofp/libc.a(libc_a-freer.o)
 .ARM.attributes
                0x00000464       0x2d /home/brooks2564/.pebble-sdk/SDKs/4.9.169/toolchain/arm-none-eabi/bin/../lib/gcc/arm-none-eabi/14.2.1/../../../../arm-none-eabi/lib/thumb/v7-m/nofp/libc.a(libc_a-mallocr.o)
 .ARM.attributes
                0x00000491       0x2d /home/brooks2564/.pebble-sdk/SDKs/4.9.169/toolchain/arm-none-eabi/bin/../lib/gcc/arm-none-eabi/14.2.1/../../../../arm-none-eabi/lib/thumb/v7-m/nofp/libc.a(libc_a-mlock.o)
 .ARM.attributes
                0x000004be       0x2d /home/brooks2564/.pebble-sdk/SDKs/4.9.169/toolchain/arm-none-eabi/bin/../lib/gcc/arm-none-eabi/14.2.1/../../../../arm-none-eabi/lib/thumb/v7-m/nofp/libc.a(libc_a-fclose.o)
 .ARM.attributes
                0x000004eb       0x2d /home/brooks2564/.pebble-sdk/SDKs/4.9.169/toolchain/arm-none-eabi/bin/../lib/gcc/arm-none-eabi/14.2.1/../../../../arm-none-eabi/lib/thumb/v7-m/nofp/libc.a(libc_a-fflush.o)
 .ARM.attributes
                0x00000518       0x2d /home/brooks2564/.pebble-sdk/SDKs/4.9.169/toolchain/arm-none-eabi/bin/../lib/gcc/arm-none-eabi/14.2.1/../../../../arm-none-eabi/lib/thumb/v7-m/nofp/libc.a(libc_a-sbrkr.o)
 .ARM.attributes
                0x00000545       0x2d /home/brooks2564/.pebble-sdk/SDKs/4.9.169/toolchain/arm-none-eabi/bin/../lib/gcc/arm-none-eabi/14.2.1/../../../../arm-none-eabi/lib/thumb/v7-m/nofp/libc.a(libc_a-sysconf.o)
 .ARM.attributes
                0x00000572       0x2d /home/brooks2564/.pebble-sdk/SDKs/4.9.169/toolchain/arm-none-eabi/bin/../lib/gcc/arm-none-eabi/14.2.1/../../../../arm-none-eabi/lib/thumb/v7-m/nofp/libc.a(libc_a-errno.o)
 .ARM.attributes
                0x0000059f       0x2d /home/brooks2564/.pebble-sdk/SDKs/4.9.169/toolchain/arm-none-eabi/bin/../lib/gcc/arm-none-eabi/14.2.1/thumb/v7-m/nofp/crtend.o
 .ARM.attributes
                0x000005cc       0x1d /home/brooks2564/.pebble-sdk/SDKs/4.9.169/toolchain/arm-none-eabi/bin/../lib/gcc/arm-none-eabi/14.2.1/thumb/v7-m/nofp/crtn.o

.comment        0x00000000       0x39
 .comment       0x00000000       0x39 /home/brooks2564/.pebble-sdk/SDKs/4.9.169/toolchain/arm-none-eabi/bin/../lib/gcc/arm-none-eabi/14.2.1/thumb/v7-m/nofp/crtbegin.o
                                 0x3a (size before relaxing)
 .comment       0x00000039       0x3a src/c/main.c.41.o
 .comment       0x00000039       0x3a aplite/appinfo.auto.c.41.o
 .comment       0x00000039       0x3a aplite/src/resource_ids.auto.c.41.o
 .comment       0x00000039       0x3a src/message_keys.auto.c.41.o
 .comment       0x00000039       0x3a /home/brooks2564/.pebble-sdk/SDKs/4.9.169/toolchain/arm-none-eabi/bin/../lib/gcc/arm-none-eabi/14.2.1/../../../../arm-none-eabi/lib/thumb/v7-m/nofp/libc.a(libc_a-atexit.o)
 .comment       0x00000039       0x3a /home/brooks2564/.pebble-sdk/SDKs/4.9.169/toolchain/arm-none-eabi/bin/../lib/gcc/arm-none-eabi/14.2.1/../../../../arm-none-eabi/lib/thumb/v7-m/nofp/libc.a(libc_a-exit.o)
 .comment       0x00000039       0x3a /home/brooks2564/.pebble-sdk/SDKs/4.9.169/toolchain/arm-none-eabi/bin/../lib/gcc/arm-none-eabi/14.2.1/../../../../arm-none-eabi/lib/thumb/v7-m/nofp/libc.a(libc_a-findfp.o)
 .comment       0x00000039       0x3a /home/brooks2564/.pebble-sdk/SDKs/4.9.169/toolchain/arm-none-eabi/bin/../lib/gcc/arm-none-eabi/14.2.1/../../../../arm-none-eabi/lib/thumb/v7-m/nofp/libc.a(libc_a-fwalk.o)
 .comment       0x00000039       0x3a /home/brooks2564/.pebble-sdk/SDKs/4.9.169/toolchain/arm-none-eabi/bin/../lib/gcc/arm-none-eabi/14.2.1/../../../../arm-none-eabi/lib/thumb/v7-m/nofp/libc.a(libc_a-stdio.o)
 .comment       0x00000039       0x3a /home/brooks2564/.pebble-sdk/SDKs/4.9.169/toolchain/arm-none-eabi/bin/../lib/gcc/arm-none-eabi/14.2.1/../../../../arm-none-eabi/lib/thumb/v7-m/nofp/libc.a(libc_a-strchr.o)
 .comment       0x00000039       0x3a /home/brooks2564/.pebble-sdk/SDKs/4.9.169/toolchain/arm-none-eabi/bin/../lib/gcc/arm-none-eabi/14.2.1/../../../../arm-none-eabi/lib/thumb/v7-m/nofp/libc.a(libc_a-closer.o)
 .comment       0x00000039       0x3a /home/brooks2564/.pebble-sdk/SDKs/4.9.169/toolchain/arm-none-eabi/bin/../lib/gcc/arm-none-eabi/14.2.1/../../../../arm-none-eabi/lib/thumb/v7-m/nofp/libc.a(libc_a-reent.o)
 .comment       0x00000039       0x3a /home/brooks2564/.pebble-sdk/SDKs/4.9.169/toolchain/arm-none-eabi/bin/../lib/gcc/arm-none-eabi/14.2.1/../../../../arm-none-eabi/lib/thumb/v7-m/nofp/libc.a(libc_a-impure.o)
 .comment       0x00000039       0x3a /home/brooks2564/.pebble-sdk/SDKs/4.9.169/toolchain/arm-none-eabi/bin/../lib/gcc/arm-none-eabi/14.2.1/../../../../arm-none-eabi/lib/thumb/v7-m/nofp/libc.a(libc_a-lseekr.o)
 .comment       0x00000039       0x3a /home/brooks2564/.pebble-sdk/SDKs/4.9.169/toolchain/arm-none-eabi/bin/../lib/gcc/arm-none-eabi/14.2.1/../../../../arm-none-eabi/lib/thumb/v7-m/nofp/libc.a(libc_a-readr.o)
 .comment       0x00000039       0x3a /home/brooks2564/.pebble-sdk/SDKs/4.9.169/toolchain/arm-none-eabi/bin/../lib/gcc/arm-none-eabi/14.2.1/../../../../arm-none-eabi/lib/thumb/v7-m/nofp/libc.a(libc_a-writer.o)
 .comment       0x00000039       0x3a /home/brooks2564/.pebble-sdk/SDKs/4.9.169/toolchain/arm-none-eabi/bin/../lib/gcc/arm-none-eabi/14.2.1/../../../../arm-none-eabi/lib/thumb/v7-m/nofp/libc.a(libc_a-init.o)
 .comment       0x00000039       0x3a /home/brooks2564/.pebble-sdk/SDKs/4.9.169/toolchain/arm-none-eabi/bin/../lib/gcc/arm-none-eabi/14.2.1/../../../../arm-none-eabi/lib/thumb/v7-m/nofp/libc.a(libc_a-fini.o)
 .comment       0x00000039       0x3a /home/brooks2564/.pebble-sdk/SDKs/4.9.169/toolchain/arm-none-eabi/bin/../lib/gcc/arm-none-eabi/14.2.1/../../../../arm-none-eabi/lib/thumb/v7-m/nofp/libc.a(libc_a-lock.o)
 .comment       0x00000039       0x3a /home/brooks2564/.pebble-sdk/SDKs/4.9.169/toolchain/arm-none-eabi/bin/../lib/gcc/arm-none-eabi/14.2.1/../../../../arm-none-eabi/lib/thumb/v7-m/nofp/libc.a(libc_a-__atexit.o)
 .comment       0x00000039       0x3a /home/brooks2564/.pebble-sdk/SDKs/4.9.169/toolchain/arm-none-eabi/bin/../lib/gcc/arm-none-eabi/14.2.1/../../../../arm-none-eabi/lib/thumb/v7-m/nofp/libc.a(libc_a-__call_atexit.o)
 .comment       0x00000039       0x3a /home/brooks2564/.pebble-sdk/SDKs/4.9.169/toolchain/arm-none-eabi/bin/../lib/gcc/arm-none-eabi/14.2.1/../../../../arm-none-eabi/lib/thumb/v7-m/nofp/libc.a(libc_a-freer.o)
 .comment       0x00000039       0x3a /home/brooks2564/.pebble-sdk/SDKs/4.9.169/toolchain/arm-none-eabi/bin/../lib/gcc/arm-none-eabi/14.2.1/../../../../arm-none-eabi/lib/thumb/v7-m/nofp/libc.a(libc_a-mallocr.o)
 .comment       0x00000039       0x3a /home/brooks2564/.pebble-sdk/SDKs/4.9.169/toolchain/arm-none-eabi/bin/../lib/gcc/arm-none-eabi/14.2.1/../../../../arm-none-eabi/lib/thumb/v7-m/nofp/libc.a(libc_a-mlock.o)
 .comment       0x00000039       0x3a /home/brooks2564/.pebble-sdk/SDKs/4.9.169/toolchain/arm-none-eabi/bin/../lib/gcc/arm-none-eabi/14.2.1/../../../../arm-none-eabi/lib/thumb/v7-m/nofp/libc.a(libc_a-fclose.o)
 .comment       0x00000039       0x3a /home/brooks2564/.pebble-sdk/SDKs/4.9.169/toolchain/arm-none-eabi/bin/../lib/gcc/arm-none-eabi/14.2.1/../../../../arm-none-eabi/lib/thumb/v7-m/nofp/libc.a(libc_a-fflush.o)
 .comment       0x00000039       0x3a /home/brooks2564/.pebble-sdk/SDKs/4.9.169/toolchain/arm-none-eabi/bin/../lib/gcc/arm-none-eabi/14.2.1/../../../../arm-none-eabi/lib/thumb/v7-m/nofp/libc.a(libc_a-sbrkr.o)
 .comment       0x00000039       0x3a /home/brooks2564/.pebble-sdk/SDKs/4.9.169/toolchain/arm-none-eabi/bin/../lib/gcc/arm-none-eabi/14.2.1/../../../../arm-none-eabi/lib/thumb/v7-m/nofp/libc.a(libc_a-sysconf.o)
 .comment       0x00000039       0x3a /home/brooks2564/.pebble-sdk/SDKs/4.9.169/toolchain/arm-none-eabi/bin/../lib/gcc/arm-none-eabi/14.2.1/../../../../arm-none-eabi/lib/thumb/v7-m/nofp/libc.a(libc_a-errno.o)
 .comment       0x00000039       0x3a /home/brooks2564/.pebble-sdk/SDKs/4.9.169/toolchain/arm-none-eabi/bin/../lib/gcc/arm-none-eabi/14.2.1/thumb/v7-m/nofp/crtend.o

.debug_info     0x00000000     0x4940
 .debug_info    0x00000000     0x42f6 src/c/main.c.41.o
 .debug_info    0x000042f6      0x33e aplite/appinfo.auto.c.41.o
 .debug_info    0x00004634       0x8f aplite/src/resource_ids.auto.c.41.o
 .debug_info    0x000046c3      0x27d src/message_keys.auto.c.41.o

.debug_abbrev   0x00000000      0x6a4
 .debug_abbrev  0x00000000      0x559 src/c/main.c.41.o
 .debug_abbrev  0x00000559       0xb9 aplite/appinfo.auto.c.41.o
 .debug_abbrev  0x00000612       0x48 aplite/src/resource_ids.auto.c.41.o
 .debug_abbrev  0x0000065a       0x4a src/message_keys.auto.c.41.o

.debug_loclists
                0x00000000     0x19dd
 .debug_loclists
                0x00000000     0x19dd src/c/main.c.41.o

.debug_aranges  0x00000000       0xe8
 .debug_aranges
                0x00000000       0xa0 src/c/main.c.41.o
 .debug_aranges
                0x000000a0       0x18 aplite/appinfo.auto.c.41.o
 .debug_aranges
                0x000000b8       0x18 aplite/src/resource_ids.auto.c.41.o
 .debug_aranges
                0x000000d0       0x18 src/message_keys.auto.c.41.o

.debug_rnglists
                0x00000000      0x1af
 .debug_rnglists
                0x00000000      0x1af src/c/main.c.41.o

.debug_line     0x00000000     0x25cc
 .debug_line    0x00000000     0x2231 src/c/main.c.41.o
 .debug_line    0x00002231      0x16a aplite/appinfo.auto.c.41.o
 .debug_line    0x0000239b      0x11c aplite/src/resource_ids.auto.c.41.o
 .debug_line    0x000024b7      0x115 src/message_keys.auto.c.41.o

.debug_str      0x00000000     0x1b3f
 .debug_str     0x00000000     0x1b3f src/c/main.c.41.o
                               0x1637 (size before relaxing)
 .debug_str     0x00001b3f      0x4c9 aplite/appinfo.auto.c.41.o
 .debug_str     0x00001b3f      0x18d aplite/src/resource_ids.auto.c.41.o
 .debug_str     0x00001b3f      0x422 src/message_keys.auto.c.41.o

.debug_frame    0x00000000      0x26c
 .debug_frame   0x00000000      0x26c src/c/main.c.41.o
