Archive member included to satisfy reference by file (symbol)

/home/brooks2564/.pebble-sdk/SDKs/current/sdk-core/pebble/basalt/lib/libpebble.a(tmpFRPTsFpebble.o)
                              src/c/main.c.56.o (app_event_loop)
/home/brooks2564/.pebble-sdk/SDKs/4.9.148/toolchain/arm-none-eabi/bin/../lib/gcc/arm-none-eabi/14.2.1/../../../../arm-none-eabi/lib/thumb/v7-m/nofp/libc.a(libc_a-atexit.o)
                              /home/brooks2564/.pebble-sdk/SDKs/4.9.148/toolchain/arm-none-eabi/bin/../lib/gcc/arm-none-eabi/14.2.1/../../../../arm-none-eabi/lib/thumb/v7-m/nofp/crt0.o (atexit)
/home/brooks2564/.pebble-sdk/SDKs/4.9.148/toolchain/arm-none-eabi/bin/../lib/gcc/arm-none-eabi/14.2.1/../../../../arm-none-eabi/lib/thumb/v7-m/nofp/libc.a(libc_a-exit.o)
                              /home/brooks2564/.pebble-sdk/SDKs/4.9.148/toolchain/arm-none-eabi/bin/../lib/gcc/arm-none-eabi/14.2.1/../../../../arm-none-eabi/lib/thumb/v7-m/nofp/crt0.o (exit)
/home/brooks2564/.pebble-sdk/SDKs/4.9.148/toolchain/arm-none-eabi/bin/../lib/gcc/arm-none-eabi/14.2.1/../../../../arm-none-eabi/lib/thumb/v7-m/nofp/libc.a(libc_a-findfp.o)
                              /home/brooks2564/.pebble-sdk/SDKs/4.9.148/toolchain/arm-none-eabi/bin/../lib/gcc/arm-none-eabi/14.2.1/../../../../arm-none-eabi/lib/thumb/v7-m/nofp/libc.a(libc_a-exit.o) (__stdio_exit_handler)
/home/brooks2564/.pebble-sdk/SDKs/4.9.148/toolchain/arm-none-eabi/bin/../lib/gcc/arm-none-eabi/14.2.1/../../../../arm-none-eabi/lib/thumb/v7-m/nofp/libc.a(libc_a-fwalk.o)
                              /home/brooks2564/.pebble-sdk/SDKs/4.9.148/toolchain/arm-none-eabi/bin/../lib/gcc/arm-none-eabi/14.2.1/../../../../arm-none-eabi/lib/thumb/v7-m/nofp/libc.a(libc_a-findfp.o) (_fwalk_sglue)
/home/brooks2564/.pebble-sdk/SDKs/4.9.148/toolchain/arm-none-eabi/bin/../lib/gcc/arm-none-eabi/14.2.1/../../../../arm-none-eabi/lib/thumb/v7-m/nofp/libc.a(libc_a-stdio.o)
                              /home/brooks2564/.pebble-sdk/SDKs/4.9.148/toolchain/arm-none-eabi/bin/../lib/gcc/arm-none-eabi/14.2.1/../../../../arm-none-eabi/lib/thumb/v7-m/nofp/libc.a(libc_a-findfp.o) (__sread)
/home/brooks2564/.pebble-sdk/SDKs/4.9.148/toolchain/arm-none-eabi/bin/../lib/gcc/arm-none-eabi/14.2.1/../../../../arm-none-eabi/lib/thumb/v7-m/nofp/libc.a(libc_a-closer.o)
                              /home/brooks2564/.pebble-sdk/SDKs/4.9.148/toolchain/arm-none-eabi/bin/../lib/gcc/arm-none-eabi/14.2.1/../../../../arm-none-eabi/lib/thumb/v7-m/nofp/libc.a(libc_a-stdio.o) (_close_r)
/home/brooks2564/.pebble-sdk/SDKs/4.9.148/toolchain/arm-none-eabi/bin/../lib/gcc/arm-none-eabi/14.2.1/../../../../arm-none-eabi/lib/thumb/v7-m/nofp/libc.a(libc_a-reent.o)
                              /home/brooks2564/.pebble-sdk/SDKs/4.9.148/toolchain/arm-none-eabi/bin/../lib/gcc/arm-none-eabi/14.2.1/../../../../arm-none-eabi/lib/thumb/v7-m/nofp/libc.a(libc_a-closer.o) (errno)
/home/brooks2564/.pebble-sdk/SDKs/4.9.148/toolchain/arm-none-eabi/bin/../lib/gcc/arm-none-eabi/14.2.1/../../../../arm-none-eabi/lib/thumb/v7-m/nofp/libc.a(libc_a-impure.o)
                              /home/brooks2564/.pebble-sdk/SDKs/4.9.148/toolchain/arm-none-eabi/bin/../lib/gcc/arm-none-eabi/14.2.1/../../../../arm-none-eabi/lib/thumb/v7-m/nofp/libc.a(libc_a-reent.o) (_impure_ptr)
/home/brooks2564/.pebble-sdk/SDKs/4.9.148/toolchain/arm-none-eabi/bin/../lib/gcc/arm-none-eabi/14.2.1/../../../../arm-none-eabi/lib/thumb/v7-m/nofp/libc.a(libc_a-lseekr.o)
                              /home/brooks2564/.pebble-sdk/SDKs/4.9.148/toolchain/arm-none-eabi/bin/../lib/gcc/arm-none-eabi/14.2.1/../../../../arm-none-eabi/lib/thumb/v7-m/nofp/libc.a(libc_a-stdio.o) (_lseek_r)
/home/brooks2564/.pebble-sdk/SDKs/4.9.148/toolchain/arm-none-eabi/bin/../lib/gcc/arm-none-eabi/14.2.1/../../../../arm-none-eabi/lib/thumb/v7-m/nofp/libc.a(libc_a-readr.o)
                              /home/brooks2564/.pebble-sdk/SDKs/4.9.148/toolchain/arm-none-eabi/bin/../lib/gcc/arm-none-eabi/14.2.1/../../../../arm-none-eabi/lib/thumb/v7-m/nofp/libc.a(libc_a-stdio.o) (_read_r)
/home/brooks2564/.pebble-sdk/SDKs/4.9.148/toolchain/arm-none-eabi/bin/../lib/gcc/arm-none-eabi/14.2.1/../../../../arm-none-eabi/lib/thumb/v7-m/nofp/libc.a(libc_a-writer.o)
                              /home/brooks2564/.pebble-sdk/SDKs/4.9.148/toolchain/arm-none-eabi/bin/../lib/gcc/arm-none-eabi/14.2.1/../../../../arm-none-eabi/lib/thumb/v7-m/nofp/libc.a(libc_a-stdio.o) (_write_r)
/home/brooks2564/.pebble-sdk/SDKs/4.9.148/toolchain/arm-none-eabi/bin/../lib/gcc/arm-none-eabi/14.2.1/../../../../arm-none-eabi/lib/thumb/v7-m/nofp/libc.a(libc_a-init.o)
                              /home/brooks2564/.pebble-sdk/SDKs/4.9.148/toolchain/arm-none-eabi/bin/../lib/gcc/arm-none-eabi/14.2.1/../../../../arm-none-eabi/lib/thumb/v7-m/nofp/crt0.o (__libc_init_array)
/home/brooks2564/.pebble-sdk/SDKs/4.9.148/toolchain/arm-none-eabi/bin/../lib/gcc/arm-none-eabi/14.2.1/../../../../arm-none-eabi/lib/thumb/v7-m/nofp/libc.a(libc_a-fini.o)
[...]
Memory Configuration

Name             Origin             Length             Attributes
APP              0x00000000         0x00010000         xrw
*default*        0x00000000         0xffffffff

Linker script and memory map

LOAD /home/brooks2564/.pebble-sdk/SDKs/4.9.148/toolchain/arm-none-eabi/bin/../lib/gcc/arm-none-eabi/14.2.1/thumb/v7-m/nofp/crti.o
LOAD /home/brooks2564/.pebble-sdk/SDKs/4.9.148/toolchain/arm-none-eabi/bin/../lib/gcc/arm-none-eabi/14.2.1/thumb/v7-m/nofp/crtbegin.o
LOAD /home/brooks2564/.pebble-sdk/SDKs/4.9.148/toolchain/arm-none-eabi/bin/../lib/gcc/arm-none-eabi/14.2.1/../../../../arm-none-eabi/lib/thumb/v7-m/nofp/crt0.o
LOAD src/c/main.c.56.o
LOAD basalt/appinfo.auto.c.56.o
LOAD basalt/src/resource_ids.auto.c.56.o
LOAD src/message_keys.auto.c.56.o
LOAD /home/brooks2564/.pebble-sdk/SDKs/current/sdk-core/pebble/basalt/lib/libpebble.a
START GROUP
LOAD /home/brooks2564/.pebble-sdk/SDKs/4.9.148/toolchain/arm-none-eabi/bin/../lib/gcc/arm-none-eabi/14.2.1/thumb/v7-m/nofp/libgcc.a
LOAD /home/brooks2564/.pebble-sdk/SDKs/4.9.148/toolchain/arm-none-eabi/bin/../lib/gcc/arm-none-eabi/14.2.1/../../../../arm-none-eabi/lib/thumb/v7-m/nofp/libc.a
END GROUP
LOAD /home/brooks2564/.pebble-sdk/SDKs/4.9.148/toolchain/arm-none-eabi/bin/../lib/gcc/arm-none-eabi/14.2.1/thumb/v7-m/nofp/crtend.o
LOAD /home/brooks2564/.pebble-sdk/SDKs/4.9.148/toolchain/arm-none-eabi/bin/../lib/gcc/arm-none-eabi/14.2.1/thumb/v7-m/nofp/crtn.o

.header         0x00000000       0x82
 *(.pbl_header)
 .pbl_header    0x00000000       0x82 basalt/appinfo.auto.c.56.o
                0x00000000                __pbl_app_info

.note.gnu.build-id
                0x00000082       0x26
                [!provide]                        PROVIDE (BUILD_ID = .)
 *(.note.gnu.build-id)
 *fill*         0x00000082        0x2 
 .note.gnu.build-id
                0x00000084       0x24 linker stubs

.text           0x000000a8     0x200c
 *(.text)
 .text          0x000000a8       0x14 /home/brooks2564/.pebble-sdk/SDKs/current/sdk-core/pebble/basalt/lib/libpebble.a(tmpFRPTsFpebble.o)
 *(.text.*)
 .text.inbox_dropped
                0x000000bc       0x24 src/c/main.c.56.o
 .text.battery_handler
                0x000000e0       0x24 src/c/main.c.56.o
 .text.ticker_advance
                0x00000104      0x184 src/c/main.c.56.o
 .text.ticker_animation_stopped
                0x00000288       0x84 src/c/main.c.56.o
 .text.window_unload
                0x0000030c       0x7c src/c/main.c.56.o
 .text.window_load
                0x00000388      0x12c src/c/main.c.56.o
 .text.request_game_data
                0x000004b4       0x2c src/c/main.c.56.o
 .text.inbox_received
                0x000004e0      0x6f0 src/c/main.c.56.o
 .text.team_color
                0x00000bd0      0x264 src/c/main.c.56.o
 .text.update_clock
                0x00000e34       0x50 src/c/main.c.56.o
 .text.tick_handler
                0x00000e84       0x24 src/c/main.c.56.o
 .text.draw_dots.constprop.0
                0x00000ea8       0x54 src/c/main.c.56.o
 .text.draw_team_text.constprop.0
                0x00000efc       0xee src/c/main.c.56.o
 *fill*         0x00000fea        0x2 
 .text.canvas_update
                0x00000fec      0xa78 src/c/main.c.56.o
 .text.startup.main
                0x00001a64      0x154 src/c/main.c.56.o
                0x00001a64                main
 .text.app_event_loop
                0x00001bb8        0xc /home/brooks2564/.pebble-sdk/SDKs/current/sdk-core/pebble/basalt/lib/libpebble.a(tmpFRPTsFpebble.o)
                0x00001bb8                app_event_loop
 .text.app_log  0x00001bc4        0xc /home/brooks2564/.pebble-sdk/SDKs/current/sdk-core/pebble/basalt/lib/libpebble.a(tmpFRPTsFpebble.o)
                0x00001bc4                app_log
 .text.app_message_open
                0x00001bd0        0xc /home/brooks2564/.pebble-sdk/SDKs/current/sdk-core/pebble/basalt/lib/libpebble.a(tmpFRPTsFpebble.o)
                0x00001bd0                app_message_open
 .text.app_timer_cancel
                0x00001bdc        0xc /home/brooks2564/.pebble-sdk/SDKs/current/sdk-core/pebble/basalt/lib/libpebble.a(tmpFRPTsFpebble.o)
                0x00001bdc                app_timer_cancel
 .text.app_timer_register
                0x00001be8        0xc /home/brooks2564/.pebble-sdk/SDKs/current/sdk-core/pebble/basalt/lib/libpebble.a(tmpFRPTsFpebble.o)
                0x00001be8                app_timer_register
 .text.battery_state_service_peek
                0x00001bf4        0xc /home/brooks2564/.pebble-sdk/SDKs/current/sdk-core/pebble/basalt/lib/libpebble.a(tmpFRPTsFpebble.o)
                0x00001bf4                battery_state_service_peek
 .text.battery_state_service_subscribe
                0x00001c00        0xc /home/brooks2564/.pebble-sdk/SDKs/current/sdk-core/pebble/basalt/lib/libpebble.a(tmpFRPTsFpebble.o)
                0x00001c00                battery_state_service_subscribe
 .text.battery_state_service_unsubscribe
                0x00001c0c        0xc /home/brooks2564/.pebble-sdk/SDKs/current/sdk-core/pebble/basalt/lib/libpebble.a(tmpFRPTsFpebble.o)
                0x00001c0c                battery_state_service_unsubscribe
 .text.clock_copy_time_string
                0x00001c18        0xc /home/brooks2564/.pebble-sdk/SDKs/current/sdk-core/pebble/basalt/lib/libpebble.a(tmpFRPTsFpebble.o)
                0x00001c18                clock_copy_time_string
 .text.dict_find
                0x00001c24        0xc /home/brooks2564/.pebble-sdk/SDKs/current/sdk-core/pebble/basalt/lib/libpebble.a(tmpFRPTsFpebble.o)
                0x00001c24                dict_find
 .text.dict_write_int
                0x00001c30        0xc /home/brooks2564/.pebble-sdk/SDKs/current/sdk-core/pebble/basalt/lib/libpebble.a(tmpFRPTsFpebble.o)
                0x00001c30                dict_write_int
 .text.fonts_get_system_font
                0x00001c3c        0xc /home/brooks2564/.pebble-sdk/SDKs/current/sdk-core/pebble/basalt/lib/libpebble.a(tmpFRPTsFpebble.o)
                0x00001c3c                fonts_get_system_font
 .text.gbitmap_create_with_resource
                0x00001c48        0xc /home/brooks2564/.pebble-sdk/SDKs/current/sdk-core/pebble/basalt/lib/libpebble.a(tmpFRPTsFpebble.o)
                0x00001c48                gbitmap_create_with_resource
 .text.gbitmap_destroy
                0x00001c54        0xc /home/brooks2564/.pebble-sdk/SDKs/current/sdk-core/pebble/basalt/lib/libpebble.a(tmpFRPTsFpebble.o)
                0x00001c54                gbitmap_destroy
 .text.graphics_draw_bitmap_in_rect
                0x00001c60        0xc /home/brooks2564/.pebble-sdk/SDKs/current/sdk-core/pebble/basalt/lib/libpebble.a(tmpFRPTsFpebble.o)
                0x00001c60                graphics_draw_bitmap_in_rect
 .text.graphics_draw_circle
                0x00001c6c        0xc /home/brooks2564/.pebble-sdk/SDKs/current/sdk-core/pebble/basalt/lib/libpebble.a(tmpFRPTsFpebble.o)
                0x00001c6c                graphics_draw_circle
 .text.graphics_draw_line
                0x00001c78        0xc /home/brooks2564/.pebble-sdk/SDKs/current/sdk-core/pebble/basalt/lib/libpebble.a(tmpFRPTsFpebble.o)
                0x00001c78                graphics_draw_line
 .text.graphics_fill_circle
                0x00001c84        0xc /home/brooks2564/.pebble-sdk/SDKs/current/sdk-core/pebble/basalt/lib/libpebble.a(tmpFRPTsFpebble.o)
                0x00001c84                graphics_fill_circle
 .text.graphics_fill_rect
                0x00001c90        0xc /home/brooks2564/.pebble-sdk/SDKs/current/sdk-core/pebble/basalt/lib/libpebble.a(tmpFRPTsFpebble.o)
                0x00001c90                graphics_fill_rect
 .text.layer_add_child
                0x00001c9c        0xc /home/brooks2564/.pebble-sdk/SDKs/current/sdk-core/pebble/basalt/lib/libpebble.a(tmpFRPTsFpebble.o)
                0x00001c9c                layer_add_child
 .text.layer_create
                0x00001ca8        0xc /home/brooks2564/.pebble-sdk/SDKs/current/sdk-core/pebble/basalt/lib/libpebble.a(tmpFRPTsFpebble.o)
                0x00001ca8                layer_create
 .text.layer_destroy
                0x00001cb4        0xc /home/brooks2564/.pebble-sdk/SDKs/current/sdk-core/pebble/basalt/lib/libpebble.a(tmpFRPTsFpebble.o)
                0x00001cb4                layer_destroy
 .text.layer_get_bounds
                0x00001cc0        0xc /home/brooks2564/.pebble-sdk/SDKs/current/sdk-core/pebble/basalt/lib/libpebble.a(tmpFRPTsFpebble.o)
                0x00001cc0                layer_get_bounds
 .text.layer_mark_dirty
                0x00001ccc        0xc /home/brooks2564/.pebble-sdk/SDKs/current/sdk-core/pebble/basalt/lib/libpebble.a(tmpFRPTsFpebble.o)
                0x00001ccc                layer_mark_dirty
 .text.layer_set_frame
                0x00001cd8        0xc /home/brooks2564/.pebble-sdk/SDKs/current/sdk-core/pebble/basalt/lib/libpebble.a(tmpFRPTsFpebble.o)
                0x00001cd8                layer_set_frame
 .text.layer_set_update_proc
                0x00001ce4        0xc /home/brooks2564/.pebble-sdk/SDKs/current/sdk-core/pebble/basalt/lib/libpebble.a(tmpFRPTsFpebble.o)
                0x00001ce4                layer_set_update_proc
 .text.memset   0x00001cf0        0xc /home/brooks2564/.pebble-sdk/SDKs/current/sdk-core/pebble/basalt/lib/libpebble.a(tmpFRPTsFpebble.o)
                0x00001cf0                memset
 .text.persist_exists
                0x00001cfc        0xc /home/brooks2564/.pebble-sdk/SDKs/current/sdk-core/pebble/basalt/lib/libpebble.a(tmpFRPTsFpebble.o)
                0x00001cfc                persist_exists
 .text.persist_read_bool
                0x00001d08        0xc /home/brooks2564/.pebble-sdk/SDKs/current/sdk-core/pebble/basalt/lib/libpebble.a(tmpFRPTsFpebble.o)
                0x00001d08                persist_read_bool
 .text.persist_read_int
                0x00001d14        0xc /home/brooks2564/.pebble-sdk/SDKs/current/sdk-core/pebble/basalt/lib/libpebble.a(tmpFRPTsFpebble.o)
                0x00001d14                persist_read_int
 .text.persist_write_bool
                0x00001d20        0xc /home/brooks2564/.pebble-sdk/SDKs/current/sdk-core/pebble/basalt/lib/libpebble.a(tmpFRPTsFpebble.o)
                0x00001d20                persist_write_bool
 .text.persist_write_int
                0x00001d2c        0xc /home/brooks2564/.pebble-sdk/SDKs/current/sdk-core/pebble/basalt/lib/libpebble.a(tmpFRPTsFpebble.o)
                0x00001d2c                persist_write_int
 .text.snprintf
                0x00001d38        0xc /home/brooks2564/.pebble-sdk/SDKs/current/sdk-core/pebble/basalt/lib/libpebble.a(tmpFRPTsFpebble.o)
                0x00001d38                snprintf
 .text.strcmp   0x00001d44        0xc /home/brooks2564/.pebble-sdk/SDKs/current/sdk-core/pebble/basalt/lib/libpebble.a(tmpFRPTsFpebble.o)
                0x00001d44                strcmp
 .text.strcpy   0x00001d50        0xc /home/brooks2564/.pebble-sdk/SDKs/current/sdk-core/pebble/basalt/lib/libpebble.a(tmpFRPTsFpebble.o)
                0x00001d50                strcpy
 .text.strftime
                0x00001d5c        0xc /home/brooks2564/.pebble-sdk/SDKs/current/sdk-core/pebble/basalt/lib/libpebble.a(tmpFRPTsFpebble.o)
                0x00001d5c                strftime
 .text.strncpy  0x00001d68        0xc /home/brooks2564/.pebble-sdk/SDKs/current/sdk-core/pebble/basalt/lib/libpebble.a(tmpFRPTsFpebble.o)
                0x00001d68                strncpy
 .text.tick_timer_service_subscribe
                0x00001d74        0xc /home/brooks2564/.pebble-sdk/SDKs/current/sdk-core/pebble/basalt/lib/libpebble.a(tmpFRPTsFpebble.o)
                0x00001d74                tick_timer_service_subscribe
 .text.tick_timer_service_unsubscribe
                0x00001d80        0xc /home/brooks2564/.pebble-sdk/SDKs/current/sdk-core/pebble/basalt/lib/libpebble.a(tmpFRPTsFpebble.o)
                0x00001d80                tick_timer_service_unsubscribe
 .text.vibes_double_pulse
                0x00001d8c        0xc /home/brooks2564/.pebble-sdk/SDKs/current/sdk-core/pebble/basalt/lib/libpebble.a(tmpFRPTsFpebble.o)
                0x00001d8c                vibes_double_pulse
 .text.window_create
                0x00001d98        0xc /home/brooks2564/.pebble-sdk/SDKs/current/sdk-core/pebble/basalt/lib/libpebble.a(tmpFRPTsFpebble.o)
                0x00001d98                window_create
 .text.window_destroy
                0x00001da4        0xc /home/brooks2564/.pebble-sdk/SDKs/current/sdk-core/pebble/basalt/lib/libpebble.a(tmpFRPTsFpebble.o)
                0x00001da4                window_destroy
 .text.window_get_root_layer
                0x00001db0        0xc /home/brooks2564/.pebble-sdk/SDKs/current/sdk-core/pebble/basalt/lib/libpebble.a(tmpFRPTsFpebble.o)
                0x00001db0                window_get_root_layer
 .text.window_set_window_handlers
                0x00001dbc        0xc /home/brooks2564/.pebble-sdk/SDKs/current/sdk-core/pebble/basalt/lib/libpebble.a(tmpFRPTsFpebble.o)
                0x00001dbc                window_set_window_handlers
 .text.window_stack_push
                0x00001dc8        0xc /home/brooks2564/.pebble-sdk/SDKs/current/sdk-core/pebble/basalt/lib/libpebble.a(tmpFRPTsFpebble.o)
                0x00001dc8                window_stack_push
 .text.app_message_outbox_begin
                0x00001dd4        0xc /home/brooks2564/.pebble-sdk/SDKs/current/sdk-core/pebble/basalt/lib/libpebble.a(tmpFRPTsFpebble.o)
                0x00001dd4                app_message_outbox_begin
 .text.app_message_outbox_send
                0x00001de0        0xc /home/brooks2564/.pebble-sdk/SDKs/current/sdk-core/pebble/basalt/lib/libpebble.a(tmpFRPTsFpebble.o)
                0x00001de0                app_message_outbox_send
 .text.app_message_register_inbox_dropped
                0x00001dec        0xc /home/brooks2564/.pebble-sdk/SDKs/current/sdk-core/pebble/basalt/lib/libpebble.a(tmpFRPTsFpebble.o)
                0x00001dec                app_message_register_inbox_dropped
 .text.app_message_register_inbox_received
                0x00001df8        0xc /home/brooks2564/.pebble-sdk/SDKs/current/sdk-core/pebble/basalt/lib/libpebble.a(tmpFRPTsFpebble.o)
                0x00001df8                app_message_register_inbox_received
 .text.graphics_draw_text
                0x00001e04        0xc /home/brooks2564/.pebble-sdk/SDKs/current/sdk-core/pebble/basalt/lib/libpebble.a(tmpFRPTsFpebble.o)
                0x00001e04                graphics_draw_text
 .text.graphics_context_set_fill_color
                0x00001e10        0xc /home/brooks2564/.pebble-sdk/SDKs/current/sdk-core/pebble/basalt/lib/libpebble.a(tmpFRPTsFpebble.o)
                0x00001e10                graphics_context_set_fill_color
 .text.graphics_context_set_stroke_color
                0x00001e1c        0xc /home/brooks2564/.pebble-sdk/SDKs/current/sdk-core/pebble/basalt/lib/libpebble.a(tmpFRPTsFpebble.o)
                0x00001e1c                graphics_context_set_stroke_color
 .text.graphics_context_set_text_color
                0x00001e28        0xc /home/brooks2564/.pebble-sdk/SDKs/current/sdk-core/pebble/basalt/lib/libpebble.a(tmpFRPTsFpebble.o)
                0x00001e28                graphics_context_set_text_color
 .text.window_set_background_color
                0x00001e34        0xc /home/brooks2564/.pebble-sdk/SDKs/current/sdk-core/pebble/basalt/lib/libpebble.a(tmpFRPTsFpebble.o)
                0x00001e34                window_set_background_color
 .text.localtime
                0x00001e40        0xc /home/brooks2564/.pebble-sdk/SDKs/current/sdk-core/pebble/basalt/lib/libpebble.a(tmpFRPTsFpebble.o)
                0x00001e40                localtime
 .text.animation_destroy
                0x00001e4c        0xc /home/brooks2564/.pebble-sdk/SDKs/current/sdk-core/pebble/basalt/lib/libpebble.a(tmpFRPTsFpebble.o)
                0x00001e4c                animation_destroy
 .text.animation_schedule
                0x00001e58        0xc /home/brooks2564/.pebble-sdk/SDKs/current/sdk-core/pebble/basalt/lib/libpebble.a(tmpFRPTsFpebble.o)
                0x00001e58                animation_schedule
 .text.animation_set_curve
                0x00001e64        0xc /home/brooks2564/.pebble-sdk/SDKs/current/sdk-core/pebble/basalt/lib/libpebble.a(tmpFRPTsFpebble.o)
                0x00001e64                animation_set_curve
 .text.animation_set_duration
                0x00001e70        0xc /home/brooks2564/.pebble-sdk/SDKs/current/sdk-core/pebble/basalt/lib/libpebble.a(tmpFRPTsFpebble.o)
                0x00001e70                animation_set_duration
 .text.animation_set_handlers
                0x00001e7c        0xc /home/brooks2564/.pebble-sdk/SDKs/current/sdk-core/pebble/basalt/lib/libpebble.a(tmpFRPTsFpebble.o)
                0x00001e7c                animation_set_handlers
 .text.property_animation_create_layer_frame
                0x00001e88        0xc /home/brooks2564/.pebble-sdk/SDKs/current/sdk-core/pebble/basalt/lib/libpebble.a(tmpFRPTsFpebble.o)
                0x00001e88                property_animation_create_layer_frame
 .text.animation_spawn_create
                0x00001e94        0xc /home/brooks2564/.pebble-sdk/SDKs/current/sdk-core/pebble/basalt/lib/libpebble.a(tmpFRPTsFpebble.o)
                0x00001e94                animation_spawn_create
 .text.text_layer_create
                0x00001ea0        0xc /home/brooks2564/.pebble-sdk/SDKs/current/sdk-core/pebble/basalt/lib/libpebble.a(tmpFRPTsFpebble.o)
                0x00001ea0                text_layer_create
 .text.text_layer_destroy
                0x00001eac        0xc /home/brooks2564/.pebble-sdk/SDKs/current/sdk-core/pebble/basalt/lib/libpebble.a(tmpFRPTsFpebble.o)
                0x00001eac                text_layer_destroy
 .text.text_layer_get_layer
                0x00001eb8        0xc /home/brooks2564/.pebble-sdk/SDKs/current/sdk-core/pebble/basalt/lib/libpebble.a(tmpFRPTsFpebble.o)
                0x00001eb8                text_layer_get_layer
 .text.text_layer_set_background_color
                0x00001ec4        0xc /home/brooks2564/.pebble-sdk/SDKs/current/sdk-core/pebble/basalt/lib/libpebble.a(tmpFRPTsFpebble.o)
                0x00001ec4                text_layer_set_background_color
 .text.text_layer_set_font
                0x00001ed0        0xc /home/brooks2564/.pebble-sdk/SDKs/current/sdk-core/pebble/basalt/lib/libpebble.a(tmpFRPTsFpebble.o)
                0x00001ed0                text_layer_set_font
 .text.text_layer_set_overflow_mode
                0x00001edc        0xc /home/brooks2564/.pebble-sdk/SDKs/current/sdk-core/pebble/basalt/lib/libpebble.a(tmpFRPTsFpebble.o)
                0x00001edc                text_layer_set_overflow_mode
 .text.text_layer_set_text
                0x00001ee8        0xc /home/brooks2564/.pebble-sdk/SDKs/current/sdk-core/pebble/basalt/lib/libpebble.a(tmpFRPTsFpebble.o)
                0x00001ee8                text_layer_set_text
 .text.text_layer_set_text_color
                0x00001ef4        0xc /home/brooks2564/.pebble-sdk/SDKs/current/sdk-core/pebble/basalt/lib/libpebble.a(tmpFRPTsFpebble.o)
                0x00001ef4                text_layer_set_text_color
 .text.time     0x00001f00        0xc /home/brooks2564/.pebble-sdk/SDKs/current/sdk-core/pebble/basalt/lib/libpebble.a(tmpFRPTsFpebble.o)
                0x00001f00                time
 *(.rodata)
 *(.rodata*)
 .rodata.inbox_dropped.str1.1
                0x00001f0c      0x1a8 src/c/main.c.56.o
                                 0x13 (size before relaxing)
 .rodata.window_load.str1.1
                0x000020b4       0x17 src/c/main.c.56.o
 .rodata.inbox_received.str1.1
                0x000020b4        0xd src/c/main.c.56.o
 .rodata.team_color.str1.1
                0x000020b4       0x7c src/c/main.c.56.o
 .rodata.update_clock.str1.1
                0x000020b4        0xa src/c/main.c.56.o
 .rodata.canvas_update.str1.1
                0x000020b4       0xf1 src/c/main.c.56.o

.glue_7         0x000020b4        0x0
 .glue_7        0x000020b4        0x0 linker stubs

.glue_7t        0x000020b4        0x0
 .glue_7t       0x000020b4        0x0 linker stubs

.vfp11_veneer   0x000020b4        0x0
 .vfp11_veneer  0x000020b4        0x0 linker stubs

.v4_bx          0x000020b4        0x0
 .v4_bx         0x000020b4        0x0 linker stubs

.init           0x000020b4        0x4
 .init          0x000020b4        0x4 /home/brooks2564/.pebble-sdk/SDKs/4.9.148/toolchain/arm-none-eabi/bin/../lib/gcc/arm-none-eabi/14.2.1/thumb/v7-m/nofp/crti.o
                0x000020b4                _init

.fini           0x000020b8        0x4
 .fini          0x000020b8        0x4 /home/brooks2564/.pebble-sdk/SDKs/4.9.148/toolchain/arm-none-eabi/bin/../lib/gcc/arm-none-eabi/14.2.1/thumb/v7-m/nofp/crti.o
                0x000020b8                _fini

.iplt           0x000020bc        0x0
 .iplt          0x000020bc        0x0 src/c/main.c.56.o

.rel.dyn        0x000020bc        0x0
 .rel.iplt      0x000020bc        0x0 src/c/main.c.56.o

.data           0x000020bc       0xa4
 *(.data)
 .data          0x000020bc        0x0 /home/brooks2564/.pebble-sdk/SDKs/4.9.148/toolchain/arm-none-eabi/bin/../lib/gcc/arm-none-eabi/14.2.1/thumb/v7-m/nofp/crti.o
 .data          0x000020bc        0x0 /home/brooks2564/.pebble-sdk/SDKs/4.9.148/toolchain/arm-none-eabi/bin/../lib/gcc/arm-none-eabi/14.2.1/thumb/v7-m/nofp/crtbegin.o
 .data          0x000020bc        0x0 /home/brooks2564/.pebble-sdk/SDKs/4.9.148/toolchain/arm-none-eabi/bin/../lib/gcc/arm-none-eabi/14.2.1/../../../../arm-none-eabi/lib/thumb/v7-m/nofp/crt0.o
 .data          0x000020bc        0x0 src/c/main.c.56.o
 .data          0x000020bc        0x0 basalt/appinfo.auto.c.56.o
 .data          0x000020bc        0x0 basalt/src/resource_ids.auto.c.56.o
 .data          0x000020bc        0x0 src/message_keys.auto.c.56.o
 .data          0x000020bc        0x0 /home/brooks2564/.pebble-sdk/SDKs/current/sdk-core/pebble/basalt/lib/libpebble.a(tmpFRPTsFpebble.o)
 .data          0x000020bc        0x0 /home/brooks2564/.pebble-sdk/SDKs/4.9.148/toolchain/arm-none-eabi/bin/../lib/gcc/arm-none-eabi/14.2.1/../../../../arm-none-eabi/lib/thumb/v7-m/nofp/libc.a(libc_a-atexit.o)
 .data          0x000020bc        0x0 /home/brooks2564/.pebble-sdk/SDKs/4.9.148/toolchain/arm-none-eabi/bin/../lib/gcc/arm-none-eabi/14.2.1/../../../../arm-none-eabi/lib/thumb/v7-m/nofp/libc.a(libc_a-exit.o)
 .data          0x000020bc        0x0 /home/brooks2564/.pebble-sdk/SDKs/4.9.148/toolchain/arm-none-eabi/bin/../lib/gcc/arm-none-eabi/14.2.1/../../../../arm-none-eabi/lib/thumb/v7-m/nofp/libc.a(libc_a-findfp.o)
 .data          0x000020bc        0x0 /home/brooks2564/.pebble-sdk/SDKs/4.9.148/toolchain/arm-none-eabi/bin/../lib/gcc/arm-none-eabi/14.2.1/../../../../arm-none-eabi/lib/thumb/v7-m/nofp/libc.a(libc_a-fwalk.o)
 .data          0x000020bc        0x0 /home/brooks2564/.pebble-sdk/SDKs/4.9.148/toolchain/arm-none-eabi/bin/../lib/gcc/arm-none-eabi/14.2.1/../../../../arm-none-eabi/lib/thumb/v7-m/nofp/libc.a(libc_a-stdio.o)
 .data          0x000020bc        0x0 /home/brooks2564/.pebble-sdk/SDKs/4.9.148/toolchain/arm-none-eabi/bin/../lib/gcc/arm-none-eabi/14.2.1/../../../../arm-none-eabi/lib/thumb/v7-m/nofp/libc.a(libc_a-closer.o)
 .data          0x000020bc        0x0 /home/brooks2564/.pebble-sdk/SDKs/4.9.148/toolchain/arm-none-eabi/bin/../lib/gcc/arm-none-eabi/14.2.1/../../../../arm-none-eabi/lib/thumb/v7-m/nofp/libc.a(libc_a-reent.o)
 .data          0x000020bc        0x0 /home/brooks2564/.pebble-sdk/SDKs/4.9.148/toolchain/arm-none-eabi/bin/../lib/gcc/arm-none-eabi/14.2.1/../../../../arm-none-eabi/lib/thumb/v7-m/nofp/libc.a(libc_a-impure.o)
 .data          0x000020bc        0x0 /home/brooks2564/.pebble-sdk/SDKs/4.9.148/toolchain/arm-none-eabi/bin/../lib/gcc/arm-none-eabi/14.2.1/../../../../arm-none-eabi/lib/thumb/v7-m/nofp/libc.a(libc_a-lseekr.o)
 .data          0x000020bc        0x0 /home/brooks2564/.pebble-sdk/SDKs/4.9.148/toolchain/arm-none-eabi/bin/../lib/gcc/arm-none-eabi/14.2.1/../../../../arm-none-eabi/lib/thumb/v7-m/nofp/libc.a(libc_a-readr.o)
 .data          0x000020bc        0x0 /home/brooks2564/.pebble-sdk/SDKs/4.9.148/toolchain/arm-none-eabi/bin/../lib/gcc/arm-none-eabi/14.2.1/../../../../arm-none-eabi/lib/thumb/v7-m/nofp/libc.a(libc_a-writer.o)
 .data          0x000020bc        0x0 /home/brooks2564/.pebble-sdk/SDKs/4.9.148/toolchain/arm-none-eabi/bin/../lib/gcc/arm-none-eabi/14.2.1/../../../../arm-none-eabi/lib/thumb/v7-m/nofp/libc.a(libc_a-init.o)
 .data          0x000020bc        0x0 /home/brooks2564/.pebble-sdk/SDKs/4.9.148/toolchain/arm-none-eabi/bin/../lib/gcc/arm-none-eabi/14.2.1/../../../../arm-none-eabi/lib/thumb/v7-m/nofp/libc.a(libc_a-fini.o)
 .data          0x000020bc        0x0 /home/brooks2564/.pebble-sdk/SDKs/4.9.148/toolchain/arm-none-eabi/bin/../lib/gcc/arm-none-eabi/14.2.1/../../../../arm-none-eabi/lib/thumb/v7-m/nofp/libc.a(libc_a-lock.o)
 .data          0x000020bc        0x0 /home/brooks2564/.pebble-sdk/SDKs/4.9.148/toolchain/arm-none-eabi/bin/../lib/gcc/arm-none-eabi/14.2.1/../../../../arm-none-eabi/lib/thumb/v7-m/nofp/libc.a(libc_a-__atexit.o)
 .data          0x000020bc        0x0 /home/brooks2564/.pebble-sdk/SDKs/4.9.148/toolchain/arm-none-eabi/bin/../lib/gcc/arm-none-eabi/14.2.1/../../../../arm-none-eabi/lib/thumb/v7-m/nofp/libc.a(libc_a-__call_atexit.o)
 .data          0x000020bc        0x0 /home/brooks2564/.pebble-sdk/SDKs/4.9.148/toolchain/arm-none-eabi/bin/../lib/gcc/arm-none-eabi/14.2.1/../../../../arm-none-eabi/lib/thumb/v7-m/nofp/libc.a(libc_a-freer.o)
 .data          0x000020bc        0x0 /home/brooks2564/.pebble-sdk/SDKs/4.9.148/toolchain/arm-none-eabi/bin/../lib/gcc/arm-none-eabi/14.2.1/../../../../arm-none-eabi/lib/thumb/v7-m/nofp/libc.a(libc_a-mallocr.o)
 .data          0x000020bc        0x0 /home/brooks2564/.pebble-sdk/SDKs/4.9.148/toolchain/arm-none-eabi/bin/../lib/gcc/arm-none-eabi/14.2.1/../../../../arm-none-eabi/lib/thumb/v7-m/nofp/libc.a(libc_a-mlock.o)
 .data          0x000020bc        0x0 /home/brooks2564/.pebble-sdk/SDKs/4.9.148/toolchain/arm-none-eabi/bin/../lib/gcc/arm-none-eabi/14.2.1/../../../../arm-none-eabi/lib/thumb/v7-m/nofp/libc.a(libc_a-fclose.o)
 .data          0x000020bc        0x0 /home/brooks2564/.pebble-sdk/SDKs/4.9.148/toolchain/arm-none-eabi/bin/../lib/gcc/arm-none-eabi/14.2.1/../../../../arm-none-eabi/lib/thumb/v7-m/nofp/libc.a(libc_a-fflush.o)
 .data          0x000020bc        0x0 /home/brooks2564/.pebble-sdk/SDKs/4.9.148/toolchain/arm-none-eabi/bin/../lib/gcc/arm-none-eabi/14.2.1/../../../../arm-none-eabi/lib/thumb/v7-m/nofp/libc.a(libc_a-sbrkr.o)
 .data          0x000020bc        0x0 /home/brooks2564/.pebble-sdk/SDKs/4.9.148/toolchain/arm-none-eabi/bin/../lib/gcc/arm-none-eabi/14.2.1/../../../../arm-none-eabi/lib/thumb/v7-m/nofp/libc.a(libc_a-sysconf.o)
 .data          0x000020bc        0x0 /home/brooks2564/.pebble-sdk/SDKs/4.9.148/toolchain/arm-none-eabi/bin/../lib/gcc/arm-none-eabi/14.2.1/../../../../arm-none-eabi/lib/thumb/v7-m/nofp/libc.a(libc_a-errno.o)
 .data          0x000020bc        0x0 /home/brooks2564/.pebble-sdk/SDKs/4.9.148/toolchain/arm-none-eabi/bin/../lib/gcc/arm-none-eabi/14.2.1/thumb/v7-m/nofp/crtend.o
 .data          0x000020bc        0x0 /home/brooks2564/.pebble-sdk/SDKs/4.9.148/toolchain/arm-none-eabi/bin/../lib/gcc/arm-none-eabi/14.2.1/thumb/v7-m/nofp/crtn.o
 *(.data.*)
 .data.s_ticker_speed
                0x000020bc        0x4 src/c/main.c.56.o
 .data.s_prev_score
                0x000020c0        0x4 src/c/main.c.56.o
 .data.s_team_idx
                0x000020c4        0x4 src/c/main.c.56.o
 .data.s_battery_pct
                0x000020c8        0x4 src/c/main.c.56.o
 .data.s_battery_bar
                0x000020cc        0x1 src/c/main.c.56.o
 .data.s_vibrate
                0x000020cd        0x1 src/c/main.c.56.o
 .data.s_status
                0x000020ce        0x8 src/c/main.c.56.o
 .data.s_home_abbr
                0x000020d6        0x5 src/c/main.c.56.o
 .data.s_away_abbr
                0x000020db        0x5 src/c/main.c.56.o
 .data.s_time_buf
                0x000020e0        0x6 src/c/main.c.56.o
 *fill*         0x000020e6        0x2 
 .data.rel.ro.local.TEAM_ABBR
                0x000020e8       0x78 src/c/main.c.56.o

.igot.plt       0x00002160        0x0
 .igot.plt      0x00002160        0x0 src/c/main.c.56.o

.bss            0x00002160      0x25c
 *(.bss)
 *(.bss.*)
 .bss.s_i_am_away
                0x00002160        0x1 src/c/main.c.56.o
 .bss.s_game2_score
                0x00002161       0x14 src/c/main.c.56.o
 .bss.s_game2_status
                0x00002175        0x8 src/c/main.c.56.o
 .bss.s_pitch_type
                0x0000217d        0xc src/c/main.c.56.o
 .bss.s_weather
                0x00002189       0x10 src/c/main.c.56.o
 .bss.s_next_game
                0x00002199       0x14 src/c/main.c.56.o
 .bss.s_on_third
                0x000021ad        0x1 src/c/main.c.56.o
 .bss.s_on_second
                0x000021ae        0x1 src/c/main.c.56.o
 .bss.s_on_first
                0x000021af        0x1 src/c/main.c.56.o
 .bss.s_last_play
                0x000021b0       0x10 src/c/main.c.56.o
 .bss.s_pitch_speed
                0x000021c0        0x4 src/c/main.c.56.o
 .bss.s_batter  0x000021c4        0xe src/c/main.c.56.o
 *fill*         0x000021d2        0x2 
 .bss.s_home_losses
                0x000021d4        0x4 src/c/main.c.56.o
 .bss.s_home_wins
                0x000021d8        0x4 src/c/main.c.56.o
 .bss.s_away_losses
                0x000021dc        0x4 src/c/main.c.56.o
 .bss.s_away_wins
                0x000021e0        0x4 src/c/main.c.56.o
 .bss.s_start_time
                0x000021e4        0xa src/c/main.c.56.o
 *fill*         0x000021ee        0x2 
 .bss.s_outs    0x000021f0        0x4 src/c/main.c.56.o
 .bss.s_strikes
                0x000021f4        0x4 src/c/main.c.56.o
 .bss.s_balls   0x000021f8        0x4 src/c/main.c.56.o
 .bss.s_inning_half
                0x000021fc        0x4 src/c/main.c.56.o
 .bss.s_inning  0x00002200        0x4 src/c/main.c.56.o
 .bss.s_home_score
                0x00002204        0x4 src/c/main.c.56.o
 .bss.s_away_score
                0x00002208        0x4 src/c/main.c.56.o
 .bss.s_date_buf
                0x0000220c        0xe src/c/main.c.56.o
 *fill*         0x0000221a        0x2 
 .bss.s_game_idx
                0x0000221c        0x4 src/c/main.c.56.o
 .bss.s_game_count
                0x00002220        0x4 src/c/main.c.56.o
 .bss.s_games   0x00002224       0xb0 src/c/main.c.56.o
 .bss.s_ticker_raw
                0x000022d4       0xc8 src/c/main.c.56.o
 .bss.s_anim_running
                0x0000239c        0x1 src/c/main.c.56.o
 *fill*         0x0000239d        0x3 
 .bss.s_ticker_timer
                0x000023a0        0x4 src/c/main.c.56.o
 .bss.s_ticker_next
                0x000023a4        0x4 src/c/main.c.56.o
 .bss.s_ticker_cur
                0x000023a8        0x4 src/c/main.c.56.o
 .bss.s_ticker_clip
                0x000023ac        0x4 src/c/main.c.56.o
 .bss.s_diamond_bmp
                0x000023b0        0x4 src/c/main.c.56.o
 .bss.s_canvas  0x000023b4        0x4 src/c/main.c.56.o
 .bss.s_window  0x000023b8        0x4 src/c/main.c.56.o

DISCARD
 libc.a(*)
 libm.a(*)
 libgcc.a(*)
 *(.eh_frame)
OUTPUT(/home/brooks2564/Pebble-MLB-Live/build/basalt/pebble-app.elf elf32-littlearm)
LOAD linker stubs
LOAD /home/brooks2564/.pebble-sdk/SDKs/4.9.148/toolchain/arm-none-eabi/bin/../lib/gcc/arm-none-eabi/14.2.1/../../../../arm-none-eabi/lib/thumb/v7-m/nofp/libc.a
LOAD /home/brooks2564/.pebble-sdk/SDKs/4.9.148/toolchain/arm-none-eabi/bin/../lib/gcc/arm-none-eabi/14.2.1/../../../../arm-none-eabi/lib/thumb/v7-m/nofp/libm.a
LOAD /home/brooks2564/.pebble-sdk/SDKs/4.9.148/toolchain/arm-none-eabi/bin/../lib/gcc/arm-none-eabi/14.2.1/thumb/v7-m/nofp/libgcc.a

.ARM.attributes
                0x00000000       0x29
 .ARM.attributes
                0x00000000       0x1d /home/brooks2564/.pebble-sdk/SDKs/4.9.148/toolchain/arm-none-eabi/bin/../lib/gcc/arm-none-eabi/14.2.1/thumb/v7-m/nofp/crti.o
 .ARM.attributes
                0x0000001d       0x2d /home/brooks2564/.pebble-sdk/SDKs/4.9.148/toolchain/arm-none-eabi/bin/../lib/gcc/arm-none-eabi/14.2.1/thumb/v7-m/nofp/crtbegin.o
 .ARM.attributes
                0x0000004a       0x1b /home/brooks2564/.pebble-sdk/SDKs/4.9.148/toolchain/arm-none-eabi/bin/../lib/gcc/arm-none-eabi/14.2.1/../../../../arm-none-eabi/lib/thumb/v7-m/nofp/crt0.o
 .ARM.attributes
                0x00000065       0x2d src/c/main.c.56.o
 .ARM.attributes
                0x00000092       0x2d basalt/appinfo.auto.c.56.o
 .ARM.attributes
                0x000000bf       0x2d basalt/src/resource_ids.auto.c.56.o
 .ARM.attributes
                0x000000ec       0x2d src/message_keys.auto.c.56.o
 .ARM.attributes
                0x00000119       0x21 /home/brooks2564/.pebble-sdk/SDKs/current/sdk-core/pebble/basalt/lib/libpebble.a(tmpFRPTsFpebble.o)
 .ARM.attributes
                0x0000013a       0x2d /home/brooks2564/.pebble-sdk/SDKs/4.9.148/toolchain/arm-none-eabi/bin/../lib/gcc/arm-none-eabi/14.2.1/../../../../arm-none-eabi/lib/thumb/v7-m/nofp/libc.a(libc_a-atexit.o)
 .ARM.attributes
                0x00000167       0x2d /home/brooks2564/.pebble-sdk/SDKs/4.9.148/toolchain/arm-none-eabi/bin/../lib/gcc/arm-none-eabi/14.2.1/../../../../arm-none-eabi/lib/thumb/v7-m/nofp/libc.a(libc_a-exit.o)
 .ARM.attributes
                0x00000194       0x2d /home/brooks2564/.pebble-sdk/SDKs/4.9.148/toolchain/arm-none-eabi/bin/../lib/gcc/arm-none-eabi/14.2.1/../../../../arm-none-eabi/lib/thumb/v7-m/nofp/libc.a(libc_a-findfp.o)
 .ARM.attributes
                0x000001c1       0x2d /home/brooks2564/.pebble-sdk/SDKs/4.9.148/toolchain/arm-none-eabi/bin/../lib/gcc/arm-none-eabi/14.2.1/../../../../arm-none-eabi/lib/thumb/v7-m/nofp/libc.a(libc_a-fwalk.o)
 .ARM.attributes
                0x000001ee       0x2d /home/brooks2564/.pebble-sdk/SDKs/4.9.148/toolchain/arm-none-eabi/bin/../lib/gcc/arm-none-eabi/14.2.1/../../../../arm-none-eabi/lib/thumb/v7-m/nofp/libc.a(libc_a-stdio.o)
 .ARM.attributes
                0x0000021b       0x2d /home/brooks2564/.pebble-sdk/SDKs/4.9.148/toolchain/arm-none-eabi/bin/../lib/gcc/arm-none-eabi/14.2.1/../../../../arm-none-eabi/lib/thumb/v7-m/nofp/libc.a(libc_a-closer.o)
 .ARM.attributes
                0x00000248       0x2d /home/brooks2564/.pebble-sdk/SDKs/4.9.148/toolchain/arm-none-eabi/bin/../lib/gcc/arm-none-eabi/14.2.1/../../../../arm-none-eabi/lib/thumb/v7-m/nofp/libc.a(libc_a-reent.o)
 .ARM.attributes
                0x00000275       0x2d /home/brooks2564/.pebble-sdk/SDKs/4.9.148/toolchain/arm-none-eabi/bin/../lib/gcc/arm-none-eabi/14.2.1/../../../../arm-none-eabi/lib/thumb/v7-m/nofp/libc.a(libc_a-impure.o)
 .ARM.attributes
                0x000002a2       0x2d /home/brooks2564/.pebble-sdk/SDKs/4.9.148/toolchain/arm-none-eabi/bin/../lib/gcc/arm-none-eabi/14.2.1/../../../../arm-none-eabi/lib/thumb/v7-m/nofp/libc.a(libc_a-lseekr.o)
 .ARM.attributes
                0x000002cf       0x2d /home/brooks2564/.pebble-sdk/SDKs/4.9.148/toolchain/arm-none-eabi/bin/../lib/gcc/arm-none-eabi/14.2.1/../../../../arm-none-eabi/lib/thumb/v7-m/nofp/libc.a(libc_a-readr.o)
 .ARM.attributes
                0x000002fc       0x2d /home/brooks2564/.pebble-sdk/SDKs/4.9.148/toolchain/arm-none-eabi/bin/../lib/gcc/arm-none-eabi/14.2.1/../../../../arm-none-eabi/lib/thumb/v7-m/nofp/libc.a(libc_a-writer.o)
 .ARM.attributes
                0x00000329       0x2d /home/brooks2564/.pebble-sdk/SDKs/4.9.148/toolchain/arm-none-eabi/bin/../lib/gcc/arm-none-eabi/14.2.1/../../../../arm-none-eabi/lib/thumb/v7-m/nofp/libc.a(libc_a-init.o)
 .ARM.attributes
                0x00000356       0x2d /home/brooks2564/.pebble-sdk/SDKs/4.9.148/toolchain/arm-none-eabi/bin/../lib/gcc/arm-none-eabi/14.2.1/../../../../arm-none-eabi/lib/thumb/v7-m/nofp/libc.a(libc_a-fini.o)
 .ARM.attributes
                0x00000383       0x2d /home/brooks2564/.pebble-sdk/SDKs/4.9.148/toolchain/arm-none-eabi/bin/../lib/gcc/arm-none-eabi/14.2.1/../../../../arm-none-eabi/lib/thumb/v7-m/nofp/libc.a(libc_a-lock.o)
 .ARM.attributes
                0x000003b0       0x2d /home/brooks2564/.pebble-sdk/SDKs/4.9.148/toolchain/arm-none-eabi/bin/../lib/gcc/arm-none-eabi/14.2.1/../../../../arm-none-eabi/lib/thumb/v7-m/nofp/libc.a(libc_a-__atexit.o)
 .ARM.attributes
                0x000003dd       0x2d /home/brooks2564/.pebble-sdk/SDKs/4.9.148/toolchain/arm-none-eabi/bin/../lib/gcc/arm-none-eabi/14.2.1/../../../../arm-none-eabi/lib/thumb/v7-m/nofp/libc.a(libc_a-__call_atexit.o)
 .ARM.attributes
                0x0000040a       0x2d /home/brooks2564/.pebble-sdk/SDKs/4.9.148/toolchain/arm-none-eabi/bin/../lib/gcc/arm-none-eabi/14.2.1/../../../../arm-none-eabi/lib/thumb/v7-m/nofp/libc.a(libc_a-freer.o)
 .ARM.attributes
                0x00000437       0x2d /home/brooks2564/.pebble-sdk/SDKs/4.9.148/toolchain/arm-none-eabi/bin/../lib/gcc/arm-none-eabi/14.2.1/../../../../arm-none-eabi/lib/thumb/v7-m/nofp/libc.a(libc_a-mallocr.o)
 .ARM.attributes
                0x00000464       0x2d /home/brooks2564/.pebble-sdk/SDKs/4.9.148/toolchain/arm-none-eabi/bin/../lib/gcc/arm-none-eabi/14.2.1/../../../../arm-none-eabi/lib/thumb/v7-m/nofp/libc.a(libc_a-mlock.o)
 .ARM.attributes
                0x00000491       0x2d /home/brooks2564/.pebble-sdk/SDKs/4.9.148/toolchain/arm-none-eabi/bin/../lib/gcc/arm-none-eabi/14.2.1/../../../../arm-none-eabi/lib/thumb/v7-m/nofp/libc.a(libc_a-fclose.o)
 .ARM.attributes
                0x000004be       0x2d /home/brooks2564/.pebble-sdk/SDKs/4.9.148/toolchain/arm-none-eabi/bin/../lib/gcc/arm-none-eabi/14.2.1/../../../../arm-none-eabi/lib/thumb/v7-m/nofp/libc.a(libc_a-fflush.o)
 .ARM.attributes
                0x000004eb       0x2d /home/brooks2564/.pebble-sdk/SDKs/4.9.148/toolchain/arm-none-eabi/bin/../lib/gcc/arm-none-eabi/14.2.1/../../../../arm-none-eabi/lib/thumb/v7-m/nofp/libc.a(libc_a-sbrkr.o)
 .ARM.attributes
                0x00000518       0x2d /home/brooks2564/.pebble-sdk/SDKs/4.9.148/toolchain/arm-none-eabi/bin/../lib/gcc/arm-none-eabi/14.2.1/../../../../arm-none-eabi/lib/thumb/v7-m/nofp/libc.a(libc_a-sysconf.o)
 .ARM.attributes
                0x00000545       0x2d /home/brooks2564/.pebble-sdk/SDKs/4.9.148/toolchain/arm-none-eabi/bin/../lib/gcc/arm-none-eabi/14.2.1/../../../../arm-none-eabi/lib/thumb/v7-m/nofp/libc.a(libc_a-errno.o)
 .ARM.attributes
                0x00000572       0x2d /home/brooks2564/.pebble-sdk/SDKs/4.9.148/toolchain/arm-none-eabi/bin/../lib/gcc/arm-none-eabi/14.2.1/thumb/v7-m/nofp/crtend.o
 .ARM.attributes
                0x0000059f       0x1d /home/brooks2564/.pebble-sdk/SDKs/4.9.148/toolchain/arm-none-eabi/bin/../lib/gcc/arm-none-eabi/14.2.1/thumb/v7-m/nofp/crtn.o

.comment        0x00000000       0x39
 .comment       0x00000000       0x39 /home/brooks2564/.pebble-sdk/SDKs/4.9.148/toolchain/arm-none-eabi/bin/../lib/gcc/arm-none-eabi/14.2.1/thumb/v7-m/nofp/crtbegin.o
                                 0x3a (size before relaxing)
 .comment       0x00000039       0x3a src/c/main.c.56.o
 .comment       0x00000039       0x3a basalt/appinfo.auto.c.56.o
 .comment       0x00000039       0x3a basalt/src/resource_ids.auto.c.56.o
 .comment       0x00000039       0x3a src/message_keys.auto.c.56.o
 .comment       0x00000039       0x3a /home/brooks2564/.pebble-sdk/SDKs/4.9.148/toolchain/arm-none-eabi/bin/../lib/gcc/arm-none-eabi/14.2.1/../../../../arm-none-eabi/lib/thumb/v7-m/nofp/libc.a(libc_a-atexit.o)
 .comment       0x00000039       0x3a /home/brooks2564/.pebble-sdk/SDKs/4.9.148/toolchain/arm-none-eabi/bin/../lib/gcc/arm-none-eabi/14.2.1/../../../../arm-none-eabi/lib/thumb/v7-m/nofp/libc.a(libc_a-exit.o)
 .comment       0x00000039       0x3a /home/brooks2564/.pebble-sdk/SDKs/4.9.148/toolchain/arm-none-eabi/bin/../lib/gcc/arm-none-eabi/14.2.1/../../../../arm-none-eabi/lib/thumb/v7-m/nofp/libc.a(libc_a-findfp.o)
 .comment       0x00000039       0x3a /home/brooks2564/.pebble-sdk/SDKs/4.9.148/toolchain/arm-none-eabi/bin/../lib/gcc/arm-none-eabi/14.2.1/../../../../arm-none-eabi/lib/thumb/v7-m/nofp/libc.a(libc_a-fwalk.o)
 .comment       0x00000039       0x3a /home/brooks2564/.pebble-sdk/SDKs/4.9.148/toolchain/arm-none-eabi/bin/../lib/gcc/arm-none-eabi/14.2.1/../../../../arm-none-eabi/lib/thumb/v7-m/nofp/libc.a(libc_a-stdio.o)
 .comment       0x00000039       0x3a /home/brooks2564/.pebble-sdk/SDKs/4.9.148/toolchain/arm-none-eabi/bin/../lib/gcc/arm-none-eabi/14.2.1/../../../../arm-none-eabi/lib/thumb/v7-m/nofp/libc.a(libc_a-closer.o)
 .comment       0x00000039       0x3a /home/brooks2564/.pebble-sdk/SDKs/4.9.148/toolchain/arm-none-eabi/bin/../lib/gcc/arm-none-eabi/14.2.1/../../../../arm-none-eabi/lib/thumb/v7-m/nofp/libc.a(libc_a-reent.o)
 .comment       0x00000039       0x3a /home/brooks2564/.pebble-sdk/SDKs/4.9.148/toolchain/arm-none-eabi/bin/../lib/gcc/arm-none-eabi/14.2.1/../../../../arm-none-eabi/lib/thumb/v7-m/nofp/libc.a(libc_a-impure.o)
 .comment       0x00000039       0x3a /home/brooks2564/.pebble-sdk/SDKs/4.9.148/toolchain/arm-none-eabi/bin/../lib/gcc/arm-none-eabi/14.2.1/../../../../arm-none-eabi/lib/thumb/v7-m/nofp/libc.a(libc_a-lseekr.o)
 .comment       0x00000039       0x3a /home/brooks2564/.pebble-sdk/SDKs/4.9.148/toolchain/arm-none-eabi/bin/../lib/gcc/arm-none-eabi/14.2.1/../../../../arm-none-eabi/lib/thumb/v7-m/nofp/libc.a(libc_a-readr.o)
 .comment       0x00000039       0x3a /home/brooks2564/.pebble-sdk/SDKs/4.9.148/toolchain/arm-none-eabi/bin/../lib/gcc/arm-none-eabi/14.2.1/../../../../arm-none-eabi/lib/thumb/v7-m/nofp/libc.a(libc_a-writer.o)
 .comment       0x00000039       0x3a /home/brooks2564/.pebble-sdk/SDKs/4.9.148/toolchain/arm-none-eabi/bin/../lib/gcc/arm-none-eabi/14.2.1/../../../../arm-none-eabi/lib/thumb/v7-m/nofp/libc.a(libc_a-init.o)
 .comment       0x00000039       0x3a /home/brooks2564/.pebble-sdk/SDKs/4.9.148/toolchain/arm-none-eabi/bin/../lib/gcc/arm-none-eabi/14.2.1/../../../../arm-none-eabi/lib/thumb/v7-m/nofp/libc.a(libc_a-fini.o)
 .comment       0x00000039       0x3a /home/brooks2564/.pebble-sdk/SDKs/4.9.148/toolchain/arm-none-eabi/bin/../lib/gcc/arm-none-eabi/14.2.1/../../../../arm-none-eabi/lib/thumb/v7-m/nofp/libc.a(libc_a-lock.o)
 .comment       0x00000039       0x3a /home/brooks2564/.pebble-sdk/SDKs/4.9.148/toolchain/arm-none-eabi/bin/../lib/gcc/arm-none-eabi/14.2.1/../../../../arm-none-eabi/lib/thumb/v7-m/nofp/libc.a(libc_a-__atexit.o)
 .comment       0x00000039       0x3a /home/brooks2564/.pebble-sdk/SDKs/4.9.148/toolchain/arm-none-eabi/bin/../lib/gcc/arm-none-eabi/14.2.1/../../../../arm-none-eabi/lib/thumb/v7-m/nofp/libc.a(libc_a-__call_atexit.o)
 .comment       0x00000039       0x3a /home/brooks2564/.pebble-sdk/SDKs/4.9.148/toolchain/arm-none-eabi/bin/../lib/gcc/arm-none-eabi/14.2.1/../../../../arm-none-eabi/lib/thumb/v7-m/nofp/libc.a(libc_a-freer.o)
 .comment       0x00000039       0x3a /home/brooks2564/.pebble-sdk/SDKs/4.9.148/toolchain/arm-none-eabi/bin/../lib/gcc/arm-none-eabi/14.2.1/../../../../arm-none-eabi/lib/thumb/v7-m/nofp/libc.a(libc_a-mallocr.o)
 .comment       0x00000039       0x3a /home/brooks2564/.pebble-sdk/SDKs/4.9.148/toolchain/arm-none-eabi/bin/../lib/gcc/arm-none-eabi/14.2.1/../../../../arm-none-eabi/lib/thumb/v7-m/nofp/libc.a(libc_a-mlock.o)
 .comment       0x00000039       0x3a /home/brooks2564/.pebble-sdk/SDKs/4.9.148/toolchain/arm-none-eabi/bin/../lib/gcc/arm-none-eabi/14.2.1/../../../../arm-none-eabi/lib/thumb/v7-m/nofp/libc.a(libc_a-fclose.o)
 .comment       0x00000039       0x3a /home/brooks2564/.pebble-sdk/SDKs/4.9.148/toolchain/arm-none-eabi/bin/../lib/gcc/arm-none-eabi/14.2.1/../../../../arm-none-eabi/lib/thumb/v7-m/nofp/libc.a(libc_a-fflush.o)
 .comment       0x00000039       0x3a /home/brooks2564/.pebble-sdk/SDKs/4.9.148/toolchain/arm-none-eabi/bin/../lib/gcc/arm-none-eabi/14.2.1/../../../../arm-none-eabi/lib/thumb/v7-m/nofp/libc.a(libc_a-sbrkr.o)
 .comment       0x00000039       0x3a /home/brooks2564/.pebble-sdk/SDKs/4.9.148/toolchain/arm-none-eabi/bin/../lib/gcc/arm-none-eabi/14.2.1/../../../../arm-none-eabi/lib/thumb/v7-m/nofp/libc.a(libc_a-sysconf.o)
 .comment       0x00000039       0x3a /home/brooks2564/.pebble-sdk/SDKs/4.9.148/toolchain/arm-none-eabi/bin/../lib/gcc/arm-none-eabi/14.2.1/../../../../arm-none-eabi/lib/thumb/v7-m/nofp/libc.a(libc_a-errno.o)
 .comment       0x00000039       0x3a /home/brooks2564/.pebble-sdk/SDKs/4.9.148/toolchain/arm-none-eabi/bin/../lib/gcc/arm-none-eabi/14.2.1/thumb/v7-m/nofp/crtend.o

.debug_info     0x00000000     0x3c28
 .debug_info    0x00000000     0x35d0 src/c/main.c.56.o
 .debug_info    0x000035d0      0x33e basalt/appinfo.auto.c.56.o
 .debug_info    0x0000390e       0x9d basalt/src/resource_ids.auto.c.56.o
 .debug_info    0x000039ab      0x27d src/message_keys.auto.c.56.o

.debug_abbrev   0x00000000      0x6a5
 .debug_abbrev  0x00000000      0x558 src/c/main.c.56.o
 .debug_abbrev  0x00000558       0xb9 basalt/appinfo.auto.c.56.o
 .debug_abbrev  0x00000611       0x4a basalt/src/resource_ids.auto.c.56.o
 .debug_abbrev  0x0000065b       0x4a src/message_keys.auto.c.56.o

.debug_loclists
                0x00000000      0x985
 .debug_loclists
                0x00000000      0x985 src/c/main.c.56.o

.debug_aranges  0x00000000       0xd8
 .debug_aranges
                0x00000000       0x90 src/c/main.c.56.o
 .debug_aranges
                0x00000090       0x18 basalt/appinfo.auto.c.56.o
 .debug_aranges
                0x000000a8       0x18 basalt/src/resource_ids.auto.c.56.o
 .debug_aranges
                0x000000c0       0x18 src/message_keys.auto.c.56.o

.debug_rnglists
                0x00000000      0x137
 .debug_rnglists
                0x00000000      0x137 src/c/main.c.56.o

.debug_line     0x00000000     0x1db0
 .debug_line    0x00000000     0x1a15 src/c/main.c.56.o
 .debug_line    0x00001a15      0x16a basalt/appinfo.auto.c.56.o
 .debug_line    0x00001b7f      0x11c basalt/src/resource_ids.auto.c.56.o
 .debug_line    0x00001c9b      0x115 src/message_keys.auto.c.56.o

.debug_str      0x00000000     0x18c2
 .debug_str     0x00000000     0x18c2 src/c/main.c.56.o
                               0x1387 (size before relaxing)
 .debug_str     0x000018c2      0x4c9 basalt/appinfo.auto.c.56.o
 .debug_str     0x000018c2      0x1ab basalt/src/resource_ids.auto.c.56.o
 .debug_str     0x000018c2      0x422 src/message_keys.auto.c.56.o

.debug_frame    0x00000000      0x248
 .debug_frame   0x00000000      0x248 src/c/main.c.56.o
